<?xml version="1.0"?>
<link_info>
   <banner>TMS320C2000 Linker PC v15.12.3.LTS</banner>
   <copyright>Copyright (c) 1996-2015 Texas Instruments Incorporated</copyright>
   <link_time>0x64c7bb0f</link_time>
   <link_errors>0x1</link_errors>
   <output_file>DSPCoreV1.out</output_file>
   <entry_point>
      <name>_c_int00</name>
      <address>0x303ee3</address>
   </entry_point>
   <input_file_list>
      <input_file id="fl-2">
         <path>.\</path>
         <kind>object</kind>
         <file>main.obj</file>
         <name>main.obj</name>
      </input_file>
      <input_file id="fl-3">
         <path>.\MCCore\Source\</path>
         <kind>object</kind>
         <file>MCCore_BusVolDecoupler.obj</file>
         <name>MCCore_BusVolDecoupler.obj</name>
      </input_file>
      <input_file id="fl-4">
         <path>.\MCCore\Source\</path>
         <kind>object</kind>
         <file>MCCore_CfgFpga.obj</file>
         <name>MCCore_CfgFpga.obj</name>
      </input_file>
      <input_file id="fl-5">
         <path>.\MCCore\Source\</path>
         <kind>object</kind>
         <file>MCCore_CurrLoopCtler.obj</file>
         <name>MCCore_CurrLoopCtler.obj</name>
      </input_file>
      <input_file id="fl-6">
         <path>.\MCCore\Source\</path>
         <kind>object</kind>
         <file>MCCore_FaultDealModule.obj</file>
         <name>MCCore_FaultDealModule.obj</name>
      </input_file>
      <input_file id="fl-7">
         <path>.\MCCore\Source\</path>
         <kind>object</kind>
         <file>MCCore_ResolverDealModule.obj</file>
         <name>MCCore_ResolverDealModule.obj</name>
      </input_file>
      <input_file id="fl-8">
         <path>.\MCCore\Source\</path>
         <kind>object</kind>
         <file>MCCore_SpdLoopCtler.obj</file>
         <name>MCCore_SpdLoopCtler.obj</name>
      </input_file>
      <input_file id="fl-9">
         <path>.\MCCore\Source\</path>
         <kind>object</kind>
         <file>MCSoft_FluxEst.obj</file>
         <name>MCSoft_FluxEst.obj</name>
      </input_file>
      <input_file id="fl-a">
         <path>.\MCCore\Source\</path>
         <kind>object</kind>
         <file>MCSoft_SmcObserver_ext.obj</file>
         <name>MCSoft_SmcObserver_ext.obj</name>
      </input_file>
      <input_file id="fl-b">
         <path>.\MCPara\Source\</path>
         <kind>object</kind>
         <file>MCPara_EEPROM.obj</file>
         <name>MCPara_EEPROM.obj</name>
      </input_file>
      <input_file id="fl-c">
         <path>.\MCPara\Source\</path>
         <kind>object</kind>
         <file>MCPara_LoadSave.obj</file>
         <name>MCPara_LoadSave.obj</name>
      </input_file>
      <input_file id="fl-d">
         <path>.\MCSoft\Source\</path>
         <kind>object</kind>
         <file>MCSoft_ErrCheck.obj</file>
         <name>MCSoft_ErrCheck.obj</name>
      </input_file>
      <input_file id="fl-e">
         <path>.\MCSoft\Source\</path>
         <kind>object</kind>
         <file>MCSoft_HalApi.obj</file>
         <name>MCSoft_HalApi.obj</name>
      </input_file>
      <input_file id="fl-f">
         <path>.\MCSoft\Source\</path>
         <kind>object</kind>
         <file>MCSoft_Hfi.obj</file>
         <name>MCSoft_Hfi.obj</name>
      </input_file>
      <input_file id="fl-10">
         <path>.\MCSoft\Source\</path>
         <kind>object</kind>
         <file>MCSoft_HighFreqTask.obj</file>
         <name>MCSoft_HighFreqTask.obj</name>
      </input_file>
      <input_file id="fl-11">
         <path>.\MCSoft\Source\</path>
         <kind>object</kind>
         <file>MCSoft_Math.obj</file>
         <name>MCSoft_Math.obj</name>
      </input_file>
      <input_file id="fl-12">
         <path>.\MCSoft\Source\</path>
         <kind>object</kind>
         <file>MCSoft_MediumFreqTask.obj</file>
         <name>MCSoft_MediumFreqTask.obj</name>
      </input_file>
      <input_file id="fl-13">
         <path>.\MCSoft\Source\</path>
         <kind>object</kind>
         <file>MCSoft_Message.obj</file>
         <name>MCSoft_Message.obj</name>
      </input_file>
      <input_file id="fl-14">
         <path>.\MCSoft\Source\</path>
         <kind>object</kind>
         <file>MCSoft_Scope.obj</file>
         <name>MCSoft_Scope.obj</name>
      </input_file>
      <input_file id="fl-15">
         <path>.\MCSoft\Source\</path>
         <kind>object</kind>
         <file>MCSoft_SpdCtrl.obj</file>
         <name>MCSoft_SpdCtrl.obj</name>
      </input_file>
      <input_file id="fl-16">
         <path>.\MCSoft\Source\</path>
         <kind>object</kind>
         <file>MCSoft_StartUp.obj</file>
         <name>MCSoft_StartUp.obj</name>
      </input_file>
      <input_file id="fl-17">
         <path>.\MCSoft\Source\</path>
         <kind>object</kind>
         <file>MCSoft_SystemInit.obj</file>
         <name>MCSoft_SystemInit.obj</name>
      </input_file>
      <input_file id="fl-18">
         <path>.\MCSoft\Source\</path>
         <kind>object</kind>
         <file>MCSoft_Uart.obj</file>
         <name>MCSoft_Uart.obj</name>
      </input_file>
      <input_file id="fl-19">
         <path>.\MC_28335\Source\</path>
         <kind>object</kind>
         <file>DSP28335_Adc.obj</file>
         <name>DSP28335_Adc.obj</name>
      </input_file>
      <input_file id="fl-1a">
         <path>.\MC_28335\Source\</path>
         <kind>object</kind>
         <file>DSP28335_DefaultIsr.obj</file>
         <name>DSP28335_DefaultIsr.obj</name>
      </input_file>
      <input_file id="fl-1b">
         <path>.\MC_28335\Source\</path>
         <kind>object</kind>
         <file>DSP28335_Gpio.obj</file>
         <name>DSP28335_Gpio.obj</name>
      </input_file>
      <input_file id="fl-1c">
         <path>.\MC_28335\Source\</path>
         <kind>object</kind>
         <file>DSP28335_MemCopy.obj</file>
         <name>DSP28335_MemCopy.obj</name>
      </input_file>
      <input_file id="fl-1d">
         <path>.\MC_28335\Source\</path>
         <kind>object</kind>
         <file>DSP28335_PieCtrl.obj</file>
         <name>DSP28335_PieCtrl.obj</name>
      </input_file>
      <input_file id="fl-1e">
         <path>.\MC_28335\Source\</path>
         <kind>object</kind>
         <file>DSP28335_PieVect.obj</file>
         <name>DSP28335_PieVect.obj</name>
      </input_file>
      <input_file id="fl-1f">
         <path>.\MC_28335\Source\</path>
         <kind>object</kind>
         <file>DSP28335_Sci.obj</file>
         <name>DSP28335_Sci.obj</name>
      </input_file>
      <input_file id="fl-20">
         <path>.\MC_28335\Source\</path>
         <kind>object</kind>
         <file>DSP28335_SysCtrl.obj</file>
         <name>DSP28335_SysCtrl.obj</name>
      </input_file>
      <input_file id="fl-21">
         <path>.\MC_28335\Source\</path>
         <kind>object</kind>
         <file>DSP28335_Xintf.obj</file>
         <name>DSP28335_Xintf.obj</name>
      </input_file>
      <input_file id="fl-22">
         <path>.\MC_28335\Source\</path>
         <kind>object</kind>
         <file>DSP2833x_ADC_cal.obj</file>
         <name>DSP2833x_ADC_cal.obj</name>
      </input_file>
      <input_file id="fl-23">
         <path>.\MC_28335\Source\</path>
         <kind>object</kind>
         <file>DSP2833x_CSMPasswords.obj</file>
         <name>DSP2833x_CSMPasswords.obj</name>
      </input_file>
      <input_file id="fl-24">
         <path>.\MC_28335\Source\</path>
         <kind>object</kind>
         <file>DSP2833x_CodeStartBranch.obj</file>
         <name>DSP2833x_CodeStartBranch.obj</name>
      </input_file>
      <input_file id="fl-25">
         <path>.\MC_28335\Source\</path>
         <kind>object</kind>
         <file>DSP2833x_CpuTimers.obj</file>
         <name>DSP2833x_CpuTimers.obj</name>
      </input_file>
      <input_file id="fl-26">
         <path>.\MC_28335\Source\</path>
         <kind>object</kind>
         <file>DSP2833x_DBGIER.obj</file>
         <name>DSP2833x_DBGIER.obj</name>
      </input_file>
      <input_file id="fl-27">
         <path>.\MC_28335\Source\</path>
         <kind>object</kind>
         <file>DSP2833x_DMA.obj</file>
         <name>DSP2833x_DMA.obj</name>
      </input_file>
      <input_file id="fl-28">
         <path>.\MC_28335\Source\</path>
         <kind>object</kind>
         <file>DSP2833x_DisInt.obj</file>
         <name>DSP2833x_DisInt.obj</name>
      </input_file>
      <input_file id="fl-29">
         <path>.\MC_28335\Source\</path>
         <kind>object</kind>
         <file>DSP2833x_ECan.obj</file>
         <name>DSP2833x_ECan.obj</name>
      </input_file>
      <input_file id="fl-2a">
         <path>.\MC_28335\Source\</path>
         <kind>object</kind>
         <file>DSP2833x_ECap.obj</file>
         <name>DSP2833x_ECap.obj</name>
      </input_file>
      <input_file id="fl-2b">
         <path>.\MC_28335\Source\</path>
         <kind>object</kind>
         <file>DSP2833x_EPwm.obj</file>
         <name>DSP2833x_EPwm.obj</name>
      </input_file>
      <input_file id="fl-2c">
         <path>.\MC_28335\Source\</path>
         <kind>object</kind>
         <file>DSP2833x_EQep.obj</file>
         <name>DSP2833x_EQep.obj</name>
      </input_file>
      <input_file id="fl-2d">
         <path>.\MC_28335\Source\</path>
         <kind>object</kind>
         <file>DSP2833x_GlobalVariableDefs.obj</file>
         <name>DSP2833x_GlobalVariableDefs.obj</name>
      </input_file>
      <input_file id="fl-2e">
         <path>.\MC_28335\Source\</path>
         <kind>object</kind>
         <file>DSP2833x_I2C.obj</file>
         <name>DSP2833x_I2C.obj</name>
      </input_file>
      <input_file id="fl-2f">
         <path>.\MC_28335\Source\</path>
         <kind>object</kind>
         <file>DSP2833x_Mcbsp.obj</file>
         <name>DSP2833x_Mcbsp.obj</name>
      </input_file>
      <input_file id="fl-30">
         <path>.\MC_28335\Source\</path>
         <kind>object</kind>
         <file>DSP2833x_Spi.obj</file>
         <name>DSP2833x_Spi.obj</name>
      </input_file>
      <input_file id="fl-31">
         <path>.\MC_28335\Source\</path>
         <kind>object</kind>
         <file>DSP2833x_usDelay.obj</file>
         <name>DSP2833x_usDelay.obj</name>
      </input_file>
      <input_file id="fl-32">
         <path>.\MC_28335\Source\</path>
         <kind>object</kind>
         <file>MC_Common28335.obj</file>
         <name>MC_Common28335.obj</name>
      </input_file>
      <input_file id="fl-3b">
         <path>..\Lib\</path>
         <kind>archive</kind>
         <file>IQmath_fpu32.lib</file>
         <name>IQ16atan2.obj</name>
      </input_file>
      <input_file id="fl-3c">
         <path>..\Lib\</path>
         <kind>archive</kind>
         <file>IQmath_fpu32.lib</file>
         <name>IQ16cos.obj</name>
      </input_file>
      <input_file id="fl-3d">
         <path>..\Lib\</path>
         <kind>archive</kind>
         <file>IQmath_fpu32.lib</file>
         <name>IQ16div.obj</name>
      </input_file>
      <input_file id="fl-3e">
         <path>..\Lib\</path>
         <kind>archive</kind>
         <file>IQmath_fpu32.lib</file>
         <name>IQ16int.obj</name>
      </input_file>
      <input_file id="fl-3f">
         <path>..\Lib\</path>
         <kind>archive</kind>
         <file>IQmath_fpu32.lib</file>
         <name>IQ16sin.obj</name>
      </input_file>
      <input_file id="fl-40">
         <path>..\Lib\</path>
         <kind>archive</kind>
         <file>IQmath_fpu32.lib</file>
         <name>IQmathTables.obj</name>
      </input_file>
      <input_file id="fl-41">
         <path>..\Lib\</path>
         <kind>archive</kind>
         <file>rts2800_fpu32.lib</file>
         <name>boot.obj</name>
      </input_file>
      <input_file id="fl-42">
         <path>..\Lib\</path>
         <kind>archive</kind>
         <file>rts2800_fpu32.lib</file>
         <name>cos.obj</name>
      </input_file>
      <input_file id="fl-43">
         <path>..\Lib\</path>
         <kind>archive</kind>
         <file>rts2800_fpu32.lib</file>
         <name>exit.obj</name>
      </input_file>
      <input_file id="fl-44">
         <path>..\Lib\</path>
         <kind>archive</kind>
         <file>rts2800_fpu32.lib</file>
         <name>fd_mpy.obj</name>
      </input_file>
      <input_file id="fl-45">
         <path>..\Lib\</path>
         <kind>archive</kind>
         <file>rts2800_fpu32.lib</file>
         <name>fd_tol.obj</name>
      </input_file>
      <input_file id="fl-46">
         <path>..\Lib\</path>
         <kind>archive</kind>
         <file>rts2800_fpu32.lib</file>
         <name>fs_div.obj</name>
      </input_file>
      <input_file id="fl-47">
         <path>..\Lib\</path>
         <kind>archive</kind>
         <file>rts2800_fpu32.lib</file>
         <name>fs_tofd.obj</name>
      </input_file>
      <input_file id="fl-48">
         <path>..\Lib\</path>
         <kind>archive</kind>
         <file>rts2800_fpu32.lib</file>
         <name>i_div.obj</name>
      </input_file>
      <input_file id="fl-49">
         <path>..\Lib\</path>
         <kind>archive</kind>
         <file>rts2800_fpu32.lib</file>
         <name>l_div.obj</name>
      </input_file>
      <input_file id="fl-4a">
         <path>..\Lib\</path>
         <kind>archive</kind>
         <file>rts2800_fpu32.lib</file>
         <name>ll_cmp.obj</name>
      </input_file>
      <input_file id="fl-4b">
         <path>..\Lib\</path>
         <kind>archive</kind>
         <file>rts2800_fpu32.lib</file>
         <name>ll_mpy.obj</name>
      </input_file>
      <input_file id="fl-4c">
         <path>..\Lib\</path>
         <kind>archive</kind>
         <file>rts2800_fpu32.lib</file>
         <name>_lock.obj</name>
      </input_file>
      <input_file id="fl-4d">
         <path>..\Lib\</path>
         <kind>archive</kind>
         <file>rts2800_fpu32.lib</file>
         <name>sin.obj</name>
      </input_file>
      <input_file id="fl-4e">
         <path>..\Lib\</path>
         <kind>archive</kind>
         <file>rts2800_fpu32.lib</file>
         <name>sqrt.obj</name>
      </input_file>
      <input_file id="fl-4f">
         <path>..\Lib\</path>
         <kind>archive</kind>
         <file>rts2800_fpu32.lib</file>
         <name>u_div.obj</name>
      </input_file>
      <input_file id="fl-50">
         <path>..\Lib\</path>
         <kind>archive</kind>
         <file>rts2800_fpu32.lib</file>
         <name>u_tofd.obj</name>
      </input_file>
      <input_file id="fl-51">
         <path>..\Lib\</path>
         <kind>archive</kind>
         <file>rts2800_fpu32.lib</file>
         <name>args_main.obj</name>
      </input_file>
      <input_file id="fl-52">
         <path>..\Lib\</path>
         <kind>archive</kind>
         <file>rts2800_fpu32.lib</file>
         <name>errno.obj</name>
      </input_file>
   </input_file_list>
   <object_component_list>
      <object_component id="oc-170">
         <name>PieVectTableFile</name>
         <uninitialized>true</uninitialized>
         <run_address>0xd00</run_address>
         <size>0x100</size>
         <input_file_ref idref="fl-2d"/>
      </object_component>
      <object_component id="oc-143">
         <name>Ad2s_A_File</name>
         <uninitialized>true</uninitialized>
         <run_address>0x100000</run_address>
         <size>0x8</size>
         <input_file_ref idref="fl-2d"/>
      </object_component>
      <object_component id="oc-16c">
         <name>DevEmuRegsFile</name>
         <uninitialized>true</uninitialized>
         <run_address>0x880</run_address>
         <size>0xd0</size>
         <input_file_ref idref="fl-2d"/>
      </object_component>
      <object_component id="oc-141">
         <name>FlashRegsFile</name>
         <uninitialized>true</uninitialized>
         <run_address>0xa80</run_address>
         <size>0x8</size>
         <input_file_ref idref="fl-2d"/>
      </object_component>
      <object_component id="oc-14c">
         <name>CsmRegsFile</name>
         <uninitialized>true</uninitialized>
         <run_address>0xae0</run_address>
         <size>0x10</size>
         <input_file_ref idref="fl-2d"/>
      </object_component>
      <object_component id="oc-14b">
         <name>AdcMirrorFile</name>
         <uninitialized>true</uninitialized>
         <run_address>0xb00</run_address>
         <size>0x10</size>
         <input_file_ref idref="fl-2d"/>
      </object_component>
      <object_component id="oc-14f">
         <name>XintfRegsFile</name>
         <uninitialized>true</uninitialized>
         <run_address>0xb20</run_address>
         <size>0x1e</size>
         <input_file_ref idref="fl-2d"/>
      </object_component>
      <object_component id="oc-144">
         <name>CpuTimer0RegsFile</name>
         <uninitialized>true</uninitialized>
         <run_address>0xc00</run_address>
         <size>0x8</size>
         <input_file_ref idref="fl-2d"/>
      </object_component>
      <object_component id="oc-140">
         <name>CpuTimer1RegsFile</name>
         <uninitialized>true</uninitialized>
         <run_address>0xc08</run_address>
         <size>0x8</size>
         <input_file_ref idref="fl-2d"/>
      </object_component>
      <object_component id="oc-13f">
         <name>CpuTimer2RegsFile</name>
         <uninitialized>true</uninitialized>
         <run_address>0xc10</run_address>
         <size>0x8</size>
         <input_file_ref idref="fl-2d"/>
      </object_component>
      <object_component id="oc-14d">
         <name>PieCtrlRegsFile</name>
         <uninitialized>true</uninitialized>
         <run_address>0xce0</run_address>
         <size>0x1a</size>
         <input_file_ref idref="fl-2d"/>
      </object_component>
      <object_component id="oc-16d">
         <name>DmaRegsFile</name>
         <uninitialized>true</uninitialized>
         <run_address>0x1000</run_address>
         <size>0xe0</size>
         <input_file_ref idref="fl-2d"/>
      </object_component>
      <object_component id="oc-15f">
         <name>McbspaRegsFile</name>
         <uninitialized>true</uninitialized>
         <run_address>0x5000</run_address>
         <size>0x25</size>
         <input_file_ref idref="fl-2d"/>
      </object_component>
      <object_component id="oc-160">
         <name>McbspbRegsFile</name>
         <uninitialized>true</uninitialized>
         <run_address>0x5040</run_address>
         <size>0x25</size>
         <input_file_ref idref="fl-2d"/>
      </object_component>
      <object_component id="oc-163">
         <name>ECanaRegsFile</name>
         <uninitialized>true</uninitialized>
         <run_address>0x6000</run_address>
         <size>0x34</size>
         <input_file_ref idref="fl-2d"/>
      </object_component>
      <object_component id="oc-166">
         <name>ECanaLAMRegsFile</name>
         <uninitialized>true</uninitialized>
         <run_address>0x6040</run_address>
         <size>0x40</size>
         <input_file_ref idref="fl-2d"/>
      </object_component>
      <object_component id="oc-16f">
         <name>ECanaMboxesFile</name>
         <uninitialized>true</uninitialized>
         <run_address>0x6100</run_address>
         <size>0x100</size>
         <input_file_ref idref="fl-2d"/>
      </object_component>
      <object_component id="oc-167">
         <name>ECanaMOTSRegsFile</name>
         <uninitialized>true</uninitialized>
         <run_address>0x6080</run_address>
         <size>0x40</size>
         <input_file_ref idref="fl-2d"/>
      </object_component>
      <object_component id="oc-164">
         <name>ECanaMOTORegsFile</name>
         <uninitialized>true</uninitialized>
         <run_address>0x60c0</run_address>
         <size>0x40</size>
         <input_file_ref idref="fl-2d"/>
      </object_component>
      <object_component id="oc-162">
         <name>ECanbRegsFile</name>
         <uninitialized>true</uninitialized>
         <run_address>0x6200</run_address>
         <size>0x34</size>
         <input_file_ref idref="fl-2d"/>
      </object_component>
      <object_component id="oc-16a">
         <name>ECanbLAMRegsFile</name>
         <uninitialized>true</uninitialized>
         <run_address>0x6240</run_address>
         <size>0x40</size>
         <input_file_ref idref="fl-2d"/>
      </object_component>
      <object_component id="oc-16e">
         <name>ECanbMboxesFile</name>
         <uninitialized>true</uninitialized>
         <run_address>0x6300</run_address>
         <size>0x100</size>
         <input_file_ref idref="fl-2d"/>
      </object_component>
      <object_component id="oc-165">
         <name>ECanbMOTSRegsFile</name>
         <uninitialized>true</uninitialized>
         <run_address>0x6280</run_address>
         <size>0x40</size>
         <input_file_ref idref="fl-2d"/>
      </object_component>
      <object_component id="oc-168">
         <name>ECanbMOTORegsFile</name>
         <uninitialized>true</uninitialized>
         <run_address>0x62c0</run_address>
         <size>0x40</size>
         <input_file_ref idref="fl-2d"/>
      </object_component>
      <object_component id="oc-15a">
         <name>EPwm1RegsFile</name>
         <uninitialized>true</uninitialized>
         <run_address>0x6800</run_address>
         <size>0x22</size>
         <input_file_ref idref="fl-2d"/>
      </object_component>
      <object_component id="oc-159">
         <name>EPwm2RegsFile</name>
         <uninitialized>true</uninitialized>
         <run_address>0x6840</run_address>
         <size>0x22</size>
         <input_file_ref idref="fl-2d"/>
      </object_component>
      <object_component id="oc-15b">
         <name>EPwm3RegsFile</name>
         <uninitialized>true</uninitialized>
         <run_address>0x6880</run_address>
         <size>0x22</size>
         <input_file_ref idref="fl-2d"/>
      </object_component>
      <object_component id="oc-15d">
         <name>EPwm4RegsFile</name>
         <uninitialized>true</uninitialized>
         <run_address>0x68c0</run_address>
         <size>0x22</size>
         <input_file_ref idref="fl-2d"/>
      </object_component>
      <object_component id="oc-15c">
         <name>EPwm5RegsFile</name>
         <uninitialized>true</uninitialized>
         <run_address>0x6900</run_address>
         <size>0x22</size>
         <input_file_ref idref="fl-2d"/>
      </object_component>
      <object_component id="oc-15e">
         <name>EPwm6RegsFile</name>
         <uninitialized>true</uninitialized>
         <run_address>0x6940</run_address>
         <size>0x22</size>
         <input_file_ref idref="fl-2d"/>
      </object_component>
      <object_component id="oc-156">
         <name>ECap1RegsFile</name>
         <uninitialized>true</uninitialized>
         <run_address>0x6a00</run_address>
         <size>0x20</size>
         <input_file_ref idref="fl-2d"/>
      </object_component>
      <object_component id="oc-152">
         <name>ECap2RegsFile</name>
         <uninitialized>true</uninitialized>
         <run_address>0x6a20</run_address>
         <size>0x20</size>
         <input_file_ref idref="fl-2d"/>
      </object_component>
      <object_component id="oc-153">
         <name>ECap3RegsFile</name>
         <uninitialized>true</uninitialized>
         <run_address>0x6a40</run_address>
         <size>0x20</size>
         <input_file_ref idref="fl-2d"/>
      </object_component>
      <object_component id="oc-150">
         <name>ECap4RegsFile</name>
         <uninitialized>true</uninitialized>
         <run_address>0x6a60</run_address>
         <size>0x20</size>
         <input_file_ref idref="fl-2d"/>
      </object_component>
      <object_component id="oc-151">
         <name>ECap5RegsFile</name>
         <uninitialized>true</uninitialized>
         <run_address>0x6a80</run_address>
         <size>0x20</size>
         <input_file_ref idref="fl-2d"/>
      </object_component>
      <object_component id="oc-157">
         <name>ECap6RegsFile</name>
         <uninitialized>true</uninitialized>
         <run_address>0x6aa0</run_address>
         <size>0x20</size>
         <input_file_ref idref="fl-2d"/>
      </object_component>
      <object_component id="oc-16b">
         <name>EQep1RegsFile</name>
         <uninitialized>true</uninitialized>
         <run_address>0x6b00</run_address>
         <size>0x40</size>
         <input_file_ref idref="fl-2d"/>
      </object_component>
      <object_component id="oc-169">
         <name>EQep2RegsFile</name>
         <uninitialized>true</uninitialized>
         <run_address>0x6b40</run_address>
         <size>0x40</size>
         <input_file_ref idref="fl-2d"/>
      </object_component>
      <object_component id="oc-161">
         <name>GpioCtrlRegsFile</name>
         <uninitialized>true</uninitialized>
         <run_address>0x6f80</run_address>
         <size>0x2e</size>
         <input_file_ref idref="fl-2d"/>
      </object_component>
      <object_component id="oc-154">
         <name>GpioDataRegsFile</name>
         <uninitialized>true</uninitialized>
         <run_address>0x6fc0</run_address>
         <size>0x20</size>
         <input_file_ref idref="fl-2d"/>
      </object_component>
      <object_component id="oc-145">
         <name>GpioIntRegsFile</name>
         <uninitialized>true</uninitialized>
         <run_address>0x6fe0</run_address>
         <size>0xa</size>
         <input_file_ref idref="fl-2d"/>
      </object_component>
      <object_component id="oc-155">
         <name>SysCtrlRegsFile</name>
         <uninitialized>true</uninitialized>
         <run_address>0x7010</run_address>
         <size>0x20</size>
         <input_file_ref idref="fl-2d"/>
      </object_component>
      <object_component id="oc-148">
         <name>SpiaRegsFile</name>
         <uninitialized>true</uninitialized>
         <run_address>0x7040</run_address>
         <size>0x10</size>
         <input_file_ref idref="fl-2d"/>
      </object_component>
      <object_component id="oc-149">
         <name>SciaRegsFile</name>
         <uninitialized>true</uninitialized>
         <run_address>0x7050</run_address>
         <size>0x10</size>
         <input_file_ref idref="fl-2d"/>
      </object_component>
      <object_component id="oc-14a">
         <name>XIntruptRegsFile</name>
         <uninitialized>true</uninitialized>
         <run_address>0x7070</run_address>
         <size>0x10</size>
         <input_file_ref idref="fl-2d"/>
      </object_component>
      <object_component id="oc-14e">
         <name>AdcRegsFile</name>
         <uninitialized>true</uninitialized>
         <run_address>0x7100</run_address>
         <size>0x1e</size>
         <input_file_ref idref="fl-2d"/>
      </object_component>
      <object_component id="oc-147">
         <name>ScibRegsFile</name>
         <uninitialized>true</uninitialized>
         <run_address>0x7750</run_address>
         <size>0x10</size>
         <input_file_ref idref="fl-2d"/>
      </object_component>
      <object_component id="oc-146">
         <name>ScicRegsFile</name>
         <uninitialized>true</uninitialized>
         <run_address>0x7770</run_address>
         <size>0x10</size>
         <input_file_ref idref="fl-2d"/>
      </object_component>
      <object_component id="oc-158">
         <name>I2caRegsFile</name>
         <uninitialized>true</uninitialized>
         <run_address>0x7900</run_address>
         <size>0x22</size>
         <input_file_ref idref="fl-2d"/>
      </object_component>
      <object_component id="oc-142">
         <name>CsmPwlFile</name>
         <uninitialized>true</uninitialized>
         <run_address>0x33fff8</run_address>
         <size>0x8</size>
         <input_file_ref idref="fl-2d"/>
      </object_component>
      <object_component id="oc-a4">
         <name>.cinit</name>
         <load_address>0x304580</load_address>
         <run_address>0x304580</run_address>
         <size>0x3d</size>
         <input_file_ref idref="fl-10"/>
      </object_component>
      <object_component id="oc-95">
         <name>.cinit</name>
         <load_address>0x3045bd</load_address>
         <run_address>0x3045bd</run_address>
         <size>0x3a</size>
         <input_file_ref idref="fl-e"/>
      </object_component>
      <object_component id="oc-d2">
         <name>.cinit</name>
         <load_address>0x3045f7</load_address>
         <run_address>0x3045f7</run_address>
         <size>0x29</size>
         <input_file_ref idref="fl-18"/>
      </object_component>
      <object_component id="oc-8e">
         <name>.cinit</name>
         <load_address>0x304620</load_address>
         <run_address>0x304620</run_address>
         <size>0x23</size>
         <input_file_ref idref="fl-d"/>
      </object_component>
      <object_component id="oc-b1">
         <name>.cinit</name>
         <load_address>0x304643</load_address>
         <run_address>0x304643</run_address>
         <size>0x23</size>
         <input_file_ref idref="fl-12"/>
      </object_component>
      <object_component id="oc-9c">
         <name>.cinit</name>
         <load_address>0x304666</load_address>
         <run_address>0x304666</run_address>
         <size>0x14</size>
         <input_file_ref idref="fl-f"/>
      </object_component>
      <object_component id="oc-be">
         <name>.cinit</name>
         <load_address>0x30467a</load_address>
         <run_address>0x30467a</run_address>
         <size>0x11</size>
         <input_file_ref idref="fl-14"/>
      </object_component>
      <object_component id="oc-1d3">
         <name>.cinit</name>
         <load_address>0x30468b</load_address>
         <run_address>0x30468b</run_address>
         <size>0xa</size>
         <input_file_ref idref="fl-4c"/>
      </object_component>
      <object_component id="oc-1ac">
         <name>.cinit</name>
         <load_address>0x304695</load_address>
         <run_address>0x304695</run_address>
         <size>0xa</size>
         <input_file_ref idref="fl-43"/>
      </object_component>
      <object_component id="oc-51">
         <name>.cinit</name>
         <load_address>0x30469f</load_address>
         <run_address>0x30469f</run_address>
         <size>0x9</size>
         <input_file_ref idref="fl-2"/>
      </object_component>
      <object_component id="oc-1f0">
         <name>.cinit</name>
         <load_address>0x3046a8</load_address>
         <run_address>0x3046a8</run_address>
         <size>0x4</size>
         <input_file_ref idref="fl-52"/>
      </object_component>
      <object_component id="oc-1f3">
         <name>.text</name>
         <load_address>0x300862</load_address>
         <run_address>0x300862</run_address>
         <size>0x65c</size>
         <input_file_ref idref="fl-5"/>
      </object_component>
      <object_component id="oc-212">
         <name>.text</name>
         <load_address>0x300ebe</load_address>
         <run_address>0x300ebe</run_address>
         <size>0x5a2</size>
         <input_file_ref idref="fl-12"/>
      </object_component>
      <object_component id="oc-1f5">
         <name>.text</name>
         <load_address>0x301460</load_address>
         <run_address>0x301460</run_address>
         <size>0x3ce</size>
         <input_file_ref idref="fl-18"/>
      </object_component>
      <object_component id="oc-1fe">
         <name>.text</name>
         <load_address>0x30182e</load_address>
         <run_address>0x30182e</run_address>
         <size>0x3ca</size>
         <input_file_ref idref="fl-9"/>
      </object_component>
      <object_component id="oc-df">
         <name>.text:retain</name>
         <load_address>0x301bf8</load_address>
         <run_address>0x301bf8</run_address>
         <size>0x349</size>
         <input_file_ref idref="fl-1a"/>
      </object_component>
      <object_component id="oc-1f8">
         <name>.text</name>
         <load_address>0x301f41</load_address>
         <run_address>0x301f41</run_address>
         <size>0x2a7</size>
         <input_file_ref idref="fl-16"/>
      </object_component>
      <object_component id="oc-1fa">
         <name>.text</name>
         <load_address>0x3021e8</load_address>
         <run_address>0x3021e8</run_address>
         <size>0x2a3</size>
         <input_file_ref idref="fl-f"/>
      </object_component>
      <object_component id="oc-203">
         <name>.text</name>
         <load_address>0x30248b</load_address>
         <run_address>0x30248b</run_address>
         <size>0x256</size>
         <input_file_ref idref="fl-c"/>
      </object_component>
      <object_component id="oc-1f7">
         <name>.text</name>
         <load_address>0x3026e1</load_address>
         <run_address>0x3026e1</run_address>
         <size>0x250</size>
         <input_file_ref idref="fl-d"/>
      </object_component>
      <object_component id="oc-1f9">
         <name>.text</name>
         <load_address>0x302931</load_address>
         <run_address>0x302931</run_address>
         <size>0x20e</size>
         <input_file_ref idref="fl-10"/>
      </object_component>
      <object_component id="oc-1fc">
         <name>.text</name>
         <load_address>0x302b3f</load_address>
         <run_address>0x302b3f</run_address>
         <size>0x1e1</size>
         <input_file_ref idref="fl-8"/>
      </object_component>
      <object_component id="oc-20d">
         <name>.text</name>
         <load_address>0x302d20</load_address>
         <run_address>0x302d20</run_address>
         <size>0x177</size>
         <input_file_ref idref="fl-1b"/>
      </object_component>
      <object_component id="oc-211">
         <name>.text</name>
         <load_address>0x302e97</load_address>
         <run_address>0x302e97</run_address>
         <size>0x177</size>
         <input_file_ref idref="fl-17"/>
      </object_component>
      <object_component id="oc-21a">
         <name>.text</name>
         <load_address>0x30300e</load_address>
         <run_address>0x30300e</run_address>
         <size>0x15e</size>
         <input_file_ref idref="fl-4"/>
      </object_component>
      <object_component id="oc-214">
         <name>.text</name>
         <load_address>0x30316c</load_address>
         <run_address>0x30316c</run_address>
         <size>0x130</size>
         <input_file_ref idref="fl-a"/>
      </object_component>
      <object_component id="oc-217">
         <name>.text</name>
         <load_address>0x30329c</load_address>
         <run_address>0x30329c</run_address>
         <size>0x127</size>
         <input_file_ref idref="fl-b"/>
      </object_component>
      <object_component id="oc-210">
         <name>.text</name>
         <load_address>0x3033c3</load_address>
         <run_address>0x3033c3</run_address>
         <size>0x120</size>
         <input_file_ref idref="fl-e"/>
      </object_component>
      <object_component id="oc-20a">
         <name>.text</name>
         <load_address>0x3034e3</load_address>
         <run_address>0x3034e3</run_address>
         <size>0x107</size>
         <input_file_ref idref="fl-21"/>
      </object_component>
      <object_component id="oc-1f6">
         <name>.text</name>
         <load_address>0x3035ea</load_address>
         <run_address>0x3035ea</run_address>
         <size>0x102</size>
         <input_file_ref idref="fl-2"/>
      </object_component>
      <object_component id="oc-206">
         <name>.text</name>
         <load_address>0x3036ec</load_address>
         <run_address>0x3036ec</run_address>
         <size>0xf8</size>
         <input_file_ref idref="fl-20"/>
      </object_component>
      <object_component id="oc-204">
         <name>.text</name>
         <load_address>0x3037e4</load_address>
         <run_address>0x3037e4</run_address>
         <size>0xce</size>
         <input_file_ref idref="fl-13"/>
      </object_component>
      <object_component id="oc-20e">
         <name>.text</name>
         <load_address>0x3038b2</load_address>
         <run_address>0x3038b2</run_address>
         <size>0xa4</size>
         <input_file_ref idref="fl-2a"/>
      </object_component>
      <object_component id="oc-20c">
         <name>.text</name>
         <load_address>0x303956</load_address>
         <run_address>0x303956</run_address>
         <size>0x9a</size>
         <input_file_ref idref="fl-19"/>
      </object_component>
      <object_component id="oc-1fb">
         <name>.text</name>
         <load_address>0x3039f0</load_address>
         <run_address>0x3039f0</run_address>
         <size>0x8d</size>
         <input_file_ref idref="fl-7"/>
      </object_component>
      <object_component id="oc-1b9">
         <name>.text</name>
         <load_address>0x303a7d</load_address>
         <run_address>0x303a7d</run_address>
         <size>0x88</size>
         <input_file_ref idref="fl-46"/>
      </object_component>
      <object_component id="oc-1b1">
         <name>.text</name>
         <load_address>0x303b05</load_address>
         <run_address>0x303b05</run_address>
         <size>0x83</size>
         <input_file_ref idref="fl-44"/>
      </object_component>
      <object_component id="oc-213">
         <name>.text</name>
         <load_address>0x303b88</load_address>
         <run_address>0x303b88</run_address>
         <size>0x81</size>
         <input_file_ref idref="fl-11"/>
      </object_component>
      <object_component id="oc-1ff">
         <name>.text</name>
         <load_address>0x303c09</load_address>
         <run_address>0x303c09</run_address>
         <size>0x7d</size>
         <input_file_ref idref="fl-6"/>
      </object_component>
      <object_component id="oc-200">
         <name>.text</name>
         <load_address>0x303c86</load_address>
         <run_address>0x303c86</run_address>
         <size>0x79</size>
         <input_file_ref idref="fl-14"/>
      </object_component>
      <object_component id="oc-63">
         <name>.text:retain</name>
         <load_address>0x303cff</load_address>
         <run_address>0x303cff</run_address>
         <size>0x72</size>
         <input_file_ref idref="fl-5"/>
      </object_component>
      <object_component id="oc-201">
         <name>.text</name>
         <load_address>0x303d71</load_address>
         <run_address>0x303d71</run_address>
         <size>0x71</size>
         <input_file_ref idref="fl-30"/>
      </object_component>
      <object_component id="oc-1a5">
         <name>.text</name>
         <load_address>0x303de2</load_address>
         <run_address>0x303de2</run_address>
         <size>0x61</size>
         <input_file_ref idref="fl-42"/>
      </object_component>
      <object_component id="oc-1d8">
         <name>.text</name>
         <load_address>0x303e43</load_address>
         <run_address>0x303e43</run_address>
         <size>0x58</size>
         <input_file_ref idref="fl-4d"/>
      </object_component>
      <object_component id="oc-21b">
         <name>.text</name>
         <load_address>0x303e9b</load_address>
         <run_address>0x303e9b</run_address>
         <size>0x48</size>
         <input_file_ref idref="fl-3"/>
      </object_component>
      <object_component id="oc-4e">
         <name>.text</name>
         <load_address>0x303ee3</load_address>
         <run_address>0x303ee3</run_address>
         <size>0x46</size>
         <input_file_ref idref="fl-41"/>
      </object_component>
      <object_component id="oc-20b">
         <name>.text</name>
         <load_address>0x303f29</load_address>
         <run_address>0x303f29</run_address>
         <size>0x3a</size>
         <input_file_ref idref="fl-1f"/>
      </object_component>
      <object_component id="oc-f9">
         <name>.text:retain</name>
         <load_address>0x303f63</load_address>
         <run_address>0x303f63</run_address>
         <size>0x35</size>
         <input_file_ref idref="fl-1f"/>
      </object_component>
      <object_component id="oc-1c5">
         <name>.text</name>
         <load_address>0x303f98</load_address>
         <run_address>0x303f98</run_address>
         <size>0x2a</size>
         <input_file_ref idref="fl-49"/>
      </object_component>
      <object_component id="oc-208">
         <name>.text</name>
         <load_address>0x303fc2</load_address>
         <run_address>0x303fc2</run_address>
         <size>0x28</size>
         <input_file_ref idref="fl-1d"/>
      </object_component>
      <object_component id="oc-20f">
         <name>.text</name>
         <load_address>0x303fea</load_address>
         <run_address>0x303fea</run_address>
         <size>0x25</size>
         <input_file_ref idref="fl-32"/>
      </object_component>
      <object_component id="oc-205">
         <name>.text</name>
         <load_address>0x30400f</load_address>
         <run_address>0x30400f</run_address>
         <size>0x23</size>
         <input_file_ref idref="fl-1c"/>
      </object_component>
      <object_component id="oc-1dd">
         <name>.text</name>
         <load_address>0x304032</load_address>
         <run_address>0x304032</run_address>
         <size>0x23</size>
         <input_file_ref idref="fl-4e"/>
      </object_component>
      <object_component id="oc-1c1">
         <name>.text</name>
         <load_address>0x304055</load_address>
         <run_address>0x304055</run_address>
         <size>0x22</size>
         <input_file_ref idref="fl-48"/>
      </object_component>
      <object_component id="oc-209">
         <name>.text</name>
         <load_address>0x304077</load_address>
         <run_address>0x304077</run_address>
         <size>0x20</size>
         <input_file_ref idref="fl-1e"/>
      </object_component>
      <object_component id="oc-1b5">
         <name>.text</name>
         <load_address>0x304097</load_address>
         <run_address>0x304097</run_address>
         <size>0x1f</size>
         <input_file_ref idref="fl-45"/>
      </object_component>
      <object_component id="oc-1c9">
         <name>.text</name>
         <load_address>0x3040b6</load_address>
         <run_address>0x3040b6</run_address>
         <size>0x1e</size>
         <input_file_ref idref="fl-4a"/>
      </object_component>
      <object_component id="oc-1bd">
         <name>.text</name>
         <load_address>0x3040d4</load_address>
         <run_address>0x3040d4</run_address>
         <size>0x1c</size>
         <input_file_ref idref="fl-47"/>
      </object_component>
      <object_component id="oc-1ea">
         <name>.text</name>
         <load_address>0x3040f0</load_address>
         <run_address>0x3040f0</run_address>
         <size>0x19</size>
         <input_file_ref idref="fl-51"/>
      </object_component>
      <object_component id="oc-1aa">
         <name>.text</name>
         <load_address>0x304109</load_address>
         <run_address>0x304109</run_address>
         <size>0x19</size>
         <input_file_ref idref="fl-43"/>
      </object_component>
      <object_component id="oc-1e6">
         <name>.text</name>
         <load_address>0x304122</load_address>
         <run_address>0x304122</run_address>
         <size>0x17</size>
         <input_file_ref idref="fl-50"/>
      </object_component>
      <object_component id="oc-1cd">
         <name>.text</name>
         <load_address>0x304139</load_address>
         <run_address>0x304139</run_address>
         <size>0x14</size>
         <input_file_ref idref="fl-4b"/>
      </object_component>
      <object_component id="oc-1e2">
         <name>.text</name>
         <load_address>0x30414d</load_address>
         <run_address>0x30414d</run_address>
         <size>0xb</size>
         <input_file_ref idref="fl-4f"/>
      </object_component>
      <object_component id="oc-1d1">
         <name>.text</name>
         <load_address>0x304158</load_address>
         <run_address>0x304158</run_address>
         <size>0x9</size>
         <input_file_ref idref="fl-4c"/>
      </object_component>
      <object_component id="oc-10f">
         <name>.text</name>
         <load_address>0x304161</load_address>
         <run_address>0x304161</run_address>
         <size>0x8</size>
         <input_file_ref idref="fl-24"/>
      </object_component>
      <object_component id="oc-125">
         <name>.text</name>
         <load_address>0x304169</load_address>
         <run_address>0x304169</run_address>
         <size>0x7</size>
         <input_file_ref idref="fl-28"/>
      </object_component>
      <object_component id="oc-11b">
         <name>.text</name>
         <load_address>0x304170</load_address>
         <run_address>0x304170</run_address>
         <size>0x3</size>
         <input_file_ref idref="fl-26"/>
      </object_component>
      <object_component id="oc-110">
         <name>codestart</name>
         <load_address>0x33fff6</load_address>
         <run_address>0x33fff6</run_address>
         <size>0x2</size>
         <input_file_ref idref="fl-24"/>
      </object_component>
      <object_component id="oc-1f4">
         <name>ramfuncs</name>
         <load_address>0x300000</load_address>
         <run_address>0x8000</run_address>
         <size>0x506</size>
         <input_file_ref idref="fl-10"/>
      </object_component>
      <object_component id="oc-1fd">
         <name>ramfuncs</name>
         <load_address>0x300506</load_address>
         <run_address>0x8506</run_address>
         <size>0x33c</size>
         <input_file_ref idref="fl-a"/>
      </object_component>
      <object_component id="oc-207">
         <name>ramfuncs</name>
         <load_address>0x300842</load_address>
         <run_address>0x8842</run_address>
         <size>0x1b</size>
         <input_file_ref idref="fl-20"/>
      </object_component>
      <object_component id="oc-181">
         <name>ramfuncs</name>
         <load_address>0x30085d</load_address>
         <run_address>0x885d</run_address>
         <size>0x4</size>
         <input_file_ref idref="fl-31"/>
      </object_component>
      <object_component id="oc-10d">
         <name>csmpasswds</name>
         <load_address>0x33fff8</load_address>
         <run_address>0x33fff8</run_address>
         <size>0x8</size>
         <input_file_ref idref="fl-23"/>
      </object_component>
      <object_component id="oc-10e">
         <name>csm_rsvd</name>
         <load_address>0x33ff80</load_address>
         <run_address>0x33ff80</run_address>
         <size>0x76</size>
         <input_file_ref idref="fl-23"/>
      </object_component>
      <object_component id="oc-1a0">
         <name>.stack</name>
         <uninitialized>true</uninitialized>
         <run_address>0x400</run_address>
         <size>0x0</size>
         <input_file_ref idref="fl-41"/>
      </object_component>
      <object_component id="oc-27c">
         <name>.stack</name>
         <uninitialized>true</uninitialized>
         <run_address>0x400</run_address>
         <size>0x0</size>
      </object_component>
      <object_component id="oc-52">
         <name>.ebss</name>
         <uninitialized>true</uninitialized>
         <run_address>0xc77a</run_address>
         <size>0x4</size>
         <input_file_ref idref="fl-2"/>
      </object_component>
      <object_component id="oc-5d">
         <name>.ebss</name>
         <uninitialized>true</uninitialized>
         <run_address>0xcb80</run_address>
         <size>0x17a</size>
         <input_file_ref idref="fl-4"/>
      </object_component>
      <object_component id="oc-78">
         <name>.ebss</name>
         <uninitialized>true</uninitialized>
         <run_address>0xc77e</run_address>
         <size>0x1</size>
         <input_file_ref idref="fl-9"/>
      </object_component>
      <object_component id="oc-88">
         <name>.ebss</name>
         <uninitialized>true</uninitialized>
         <run_address>0xce00</run_address>
         <size>0xc0</size>
         <input_file_ref idref="fl-c"/>
      </object_component>
      <object_component id="oc-8f">
         <name>.ebss</name>
         <uninitialized>true</uninitialized>
         <run_address>0xcfc0</run_address>
         <size>0x20</size>
         <input_file_ref idref="fl-d"/>
      </object_component>
      <object_component id="oc-96">
         <name>.ebss</name>
         <uninitialized>true</uninitialized>
         <run_address>0xc746</run_address>
         <size>0x34</size>
         <input_file_ref idref="fl-e"/>
      </object_component>
      <object_component id="oc-9d">
         <name>.ebss</name>
         <uninitialized>true</uninitialized>
         <run_address>0xcf00</run_address>
         <size>0x32</size>
         <input_file_ref idref="fl-f"/>
      </object_component>
      <object_component id="oc-a5">
         <name>.ebss</name>
         <uninitialized>true</uninitialized>
         <run_address>0xcf40</run_address>
         <size>0x2a</size>
         <input_file_ref idref="fl-10"/>
      </object_component>
      <object_component id="oc-ab">
         <name>.ebss</name>
         <uninitialized>true</uninitialized>
         <run_address>0xc000</run_address>
         <size>0x746</size>
         <input_file_ref idref="fl-11"/>
      </object_component>
      <object_component id="oc-b2">
         <name>.ebss</name>
         <uninitialized>true</uninitialized>
         <run_address>0xcec0</run_address>
         <size>0x34</size>
         <input_file_ref idref="fl-12"/>
      </object_component>
      <object_component id="oc-b8">
         <name>.ebss</name>
         <uninitialized>true</uninitialized>
         <run_address>0xcfa6</run_address>
         <size>0x1a</size>
         <input_file_ref idref="fl-13"/>
      </object_component>
      <object_component id="oc-bf">
         <name>.ebss</name>
         <uninitialized>true</uninitialized>
         <run_address>0xcd00</run_address>
         <size>0x100</size>
         <input_file_ref idref="fl-14"/>
      </object_component>
      <object_component id="oc-c7">
         <name>.ebss</name>
         <uninitialized>true</uninitialized>
         <run_address>0xcf80</run_address>
         <size>0x26</size>
         <input_file_ref idref="fl-16"/>
      </object_component>
      <object_component id="oc-d4">
         <name>.ebss</name>
         <uninitialized>true</uninitialized>
         <run_address>0xc780</run_address>
         <size>0x400</size>
         <input_file_ref idref="fl-18"/>
      </object_component>
      <object_component id="oc-116">
         <name>.ebss</name>
         <uninitialized>true</uninitialized>
         <run_address>0xcfe0</run_address>
         <size>0x18</size>
         <input_file_ref idref="fl-25"/>
      </object_component>
      <object_component id="oc-1ad">
         <name>.ebss</name>
         <uninitialized>true</uninitialized>
         <run_address>0xcef4</run_address>
         <size>0x4</size>
         <input_file_ref idref="fl-43"/>
      </object_component>
      <object_component id="oc-1d4">
         <name>.ebss</name>
         <uninitialized>true</uninitialized>
         <run_address>0xccfa</run_address>
         <size>0x4</size>
         <input_file_ref idref="fl-4c"/>
      </object_component>
      <object_component id="oc-1f1">
         <name>.ebss</name>
         <uninitialized>true</uninitialized>
         <run_address>0xc77f</run_address>
         <size>0x1</size>
         <input_file_ref idref="fl-52"/>
      </object_component>
      <object_component id="oc-218">
         <name>.econst:_PieVectTableInit</name>
         <load_address>0x304174</load_address>
         <run_address>0x304174</run_address>
         <size>0x100</size>
         <input_file_ref idref="fl-1e"/>
      </object_component>
      <object_component id="oc-222">
         <name>.econst:_stSpdFdbParaAttr</name>
         <load_address>0x304274</load_address>
         <run_address>0x304274</run_address>
         <size>0x100</size>
         <input_file_ref idref="fl-c"/>
      </object_component>
      <object_component id="oc-21d">
         <name>.econst:_stCtrlParaAttr</name>
         <load_address>0x304374</load_address>
         <run_address>0x304374</run_address>
         <size>0x50</size>
         <input_file_ref idref="fl-c"/>
      </object_component>
      <object_component id="oc-202">
         <name>.econst:_stTxStructArr</name>
         <load_address>0x3043c4</load_address>
         <run_address>0x3043c4</run_address>
         <size>0x40</size>
         <input_file_ref idref="fl-18"/>
      </object_component>
      <object_component id="oc-221">
         <name>.econst:_stHalParaAttr</name>
         <load_address>0x304404</load_address>
         <run_address>0x304404</run_address>
         <size>0x3c</size>
         <input_file_ref idref="fl-c"/>
      </object_component>
      <object_component id="oc-220">
         <name>.econst:_stSnsLessParaAttr</name>
         <load_address>0x304440</load_address>
         <run_address>0x304440</run_address>
         <size>0x3c</size>
         <input_file_ref idref="fl-c"/>
      </object_component>
      <object_component id="oc-219">
         <name>.econst:_stEEPROMParaArr</name>
         <load_address>0x30447c</load_address>
         <run_address>0x30447c</run_address>
         <size>0x30</size>
         <input_file_ref idref="fl-c"/>
      </object_component>
      <object_component id="oc-216">
         <name>.econst:_stUpdateParaArr</name>
         <load_address>0x3044ac</load_address>
         <run_address>0x3044ac</run_address>
         <size>0x30</size>
         <input_file_ref idref="fl-c"/>
      </object_component>
      <object_component id="oc-21e">
         <name>.econst:_stFaultParaAttr</name>
         <load_address>0x3044dc</load_address>
         <run_address>0x3044dc</run_address>
         <size>0x28</size>
         <input_file_ref idref="fl-c"/>
      </object_component>
      <object_component id="oc-21f">
         <name>.econst:_stWarnParaAttr</name>
         <load_address>0x304504</load_address>
         <run_address>0x304504</run_address>
         <size>0x28</size>
         <input_file_ref idref="fl-c"/>
      </object_component>
      <object_component id="oc-21c">
         <name>.econst:_stMotorParaAttr</name>
         <load_address>0x30452c</load_address>
         <run_address>0x30452c</run_address>
         <size>0x20</size>
         <input_file_ref idref="fl-c"/>
      </object_component>
      <object_component id="oc-d3">
         <name>.econst</name>
         <load_address>0x30454c</load_address>
         <run_address>0x30454c</run_address>
         <size>0x10</size>
         <input_file_ref idref="fl-18"/>
      </object_component>
      <object_component id="oc-215">
         <name>.econst:_stScopeObjArr</name>
         <load_address>0x30455c</load_address>
         <run_address>0x30455c</run_address>
         <size>0x10</size>
         <input_file_ref idref="fl-14"/>
      </object_component>
      <object_component id="oc-223">
         <name>.econst:_stSysCfgParaAttr</name>
         <load_address>0x30456c</load_address>
         <run_address>0x30456c</run_address>
         <size>0x10</size>
         <input_file_ref idref="fl-c"/>
      </object_component>
      <object_component id="oc-9e">
         <name>.econst</name>
         <load_address>0x30457c</load_address>
         <run_address>0x30457c</run_address>
         <size>0x4</size>
         <input_file_ref idref="fl-f"/>
      </object_component>
      <object_component id="oc-18b">
         <name>IQmath</name>
         <load_address>0x3046ae</load_address>
         <run_address>0x3046ae</run_address>
         <size>0x7b</size>
         <input_file_ref idref="fl-3b"/>
      </object_component>
      <object_component id="oc-193">
         <name>IQmath</name>
         <load_address>0x304729</load_address>
         <run_address>0x304729</run_address>
         <size>0x47</size>
         <input_file_ref idref="fl-3d"/>
      </object_component>
      <object_component id="oc-19b">
         <name>IQmath</name>
         <load_address>0x304770</load_address>
         <run_address>0x304770</run_address>
         <size>0x31</size>
         <input_file_ref idref="fl-3f"/>
      </object_component>
      <object_component id="oc-18f">
         <name>IQmath</name>
         <load_address>0x3047a1</load_address>
         <run_address>0x3047a1</run_address>
         <size>0x2f</size>
         <input_file_ref idref="fl-3c"/>
      </object_component>
      <object_component id="oc-197">
         <name>IQmath</name>
         <load_address>0x3047d0</load_address>
         <run_address>0x3047d0</run_address>
         <size>0x9</size>
         <input_file_ref idref="fl-3e"/>
      </object_component>
      <object_component id="oc-19f">
         <name>IQmathTables</name>
         <load_address>0x3fe000</load_address>
         <run_address>0x3fe000</run_address>
         <size>0xb50</size>
         <input_file_ref idref="fl-40"/>
      </object_component>
      <object_component id="oc-1a1">
         <name>.reset</name>
         <load_address>0x3fffc0</load_address>
         <run_address>0x3fffc0</run_address>
         <size>0x2</size>
         <input_file_ref idref="fl-41"/>
      </object_component>
      <object_component id="oc-108">
         <name>.adc_cal</name>
         <load_address>0x380080</load_address>
         <run_address>0x380080</run_address>
         <size>0x7</size>
         <input_file_ref idref="fl-22"/>
      </object_component>
      <object_component id="oc-50">
         <name>.debug_info</name>
         <load_address>0x0</load_address>
         <run_address>0x0</run_address>
         <size>0x664b</size>
         <input_file_ref idref="fl-2"/>
      </object_component>
      <object_component id="oc-57">
         <name>.debug_info</name>
         <load_address>0x664b</load_address>
         <run_address>0x664b</run_address>
         <size>0x12f6</size>
         <input_file_ref idref="fl-3"/>
      </object_component>
      <object_component id="oc-5c">
         <name>.debug_info</name>
         <load_address>0x7941</load_address>
         <run_address>0x7941</run_address>
         <size>0x2fcc</size>
         <input_file_ref idref="fl-4"/>
      </object_component>
      <object_component id="oc-62">
         <name>.debug_info</name>
         <load_address>0xa90d</load_address>
         <run_address>0xa90d</run_address>
         <size>0x4b6a</size>
         <input_file_ref idref="fl-5"/>
      </object_component>
      <object_component id="oc-68">
         <name>.debug_info</name>
         <load_address>0xf477</load_address>
         <run_address>0xf477</run_address>
         <size>0x1dbf</size>
         <input_file_ref idref="fl-6"/>
      </object_component>
      <object_component id="oc-6d">
         <name>.debug_info</name>
         <load_address>0x11236</load_address>
         <run_address>0x11236</run_address>
         <size>0x1e85</size>
         <input_file_ref idref="fl-7"/>
      </object_component>
      <object_component id="oc-72">
         <name>.debug_info</name>
         <load_address>0x130bb</load_address>
         <run_address>0x130bb</run_address>
         <size>0x1fcb</size>
         <input_file_ref idref="fl-8"/>
      </object_component>
      <object_component id="oc-77">
         <name>.debug_info</name>
         <load_address>0x15086</load_address>
         <run_address>0x15086</run_address>
         <size>0x24f1</size>
         <input_file_ref idref="fl-9"/>
      </object_component>
      <object_component id="oc-7d">
         <name>.debug_info</name>
         <load_address>0x17577</load_address>
         <run_address>0x17577</run_address>
         <size>0x1c17</size>
         <input_file_ref idref="fl-a"/>
      </object_component>
      <object_component id="oc-82">
         <name>.debug_info</name>
         <load_address>0x1918e</load_address>
         <run_address>0x1918e</run_address>
         <size>0x1689</size>
         <input_file_ref idref="fl-b"/>
      </object_component>
      <object_component id="oc-87">
         <name>.debug_info</name>
         <load_address>0x1a817</load_address>
         <run_address>0x1a817</run_address>
         <size>0x255f</size>
         <input_file_ref idref="fl-c"/>
      </object_component>
      <object_component id="oc-8d">
         <name>.debug_info</name>
         <load_address>0x1cd76</load_address>
         <run_address>0x1cd76</run_address>
         <size>0x3a76</size>
         <input_file_ref idref="fl-d"/>
      </object_component>
      <object_component id="oc-94">
         <name>.debug_info</name>
         <load_address>0x207ec</load_address>
         <run_address>0x207ec</run_address>
         <size>0x1c33</size>
         <input_file_ref idref="fl-e"/>
      </object_component>
      <object_component id="oc-9b">
         <name>.debug_info</name>
         <load_address>0x2241f</load_address>
         <run_address>0x2241f</run_address>
         <size>0x18d3</size>
         <input_file_ref idref="fl-f"/>
      </object_component>
      <object_component id="oc-a3">
         <name>.debug_info</name>
         <load_address>0x23cf2</load_address>
         <run_address>0x23cf2</run_address>
         <size>0x5b03</size>
         <input_file_ref idref="fl-10"/>
      </object_component>
      <object_component id="oc-aa">
         <name>.debug_info</name>
         <load_address>0x297f5</load_address>
         <run_address>0x297f5</run_address>
         <size>0x6e1</size>
         <input_file_ref idref="fl-11"/>
      </object_component>
      <object_component id="oc-b0">
         <name>.debug_info</name>
         <load_address>0x29ed6</load_address>
         <run_address>0x29ed6</run_address>
         <size>0x604b</size>
         <input_file_ref idref="fl-12"/>
      </object_component>
      <object_component id="oc-b7">
         <name>.debug_info</name>
         <load_address>0x2ff21</load_address>
         <run_address>0x2ff21</run_address>
         <size>0x11ad</size>
         <input_file_ref idref="fl-13"/>
      </object_component>
      <object_component id="oc-bd">
         <name>.debug_info</name>
         <load_address>0x310ce</load_address>
         <run_address>0x310ce</run_address>
         <size>0x2c2e</size>
         <input_file_ref idref="fl-14"/>
      </object_component>
      <object_component id="oc-c4">
         <name>.debug_info</name>
         <load_address>0x33cfc</load_address>
         <run_address>0x33cfc</run_address>
         <size>0x17e</size>
         <input_file_ref idref="fl-15"/>
      </object_component>
      <object_component id="oc-c6">
         <name>.debug_info</name>
         <load_address>0x33e7a</load_address>
         <run_address>0x33e7a</run_address>
         <size>0x1d7c</size>
         <input_file_ref idref="fl-16"/>
      </object_component>
      <object_component id="oc-cc">
         <name>.debug_info</name>
         <load_address>0x35bf6</load_address>
         <run_address>0x35bf6</run_address>
         <size>0x357a</size>
         <input_file_ref idref="fl-17"/>
      </object_component>
      <object_component id="oc-d1">
         <name>.debug_info</name>
         <load_address>0x39170</load_address>
         <run_address>0x39170</run_address>
         <size>0x5788</size>
         <input_file_ref idref="fl-18"/>
      </object_component>
      <object_component id="oc-d9">
         <name>.debug_info</name>
         <load_address>0x3e8f8</load_address>
         <run_address>0x3e8f8</run_address>
         <size>0x1377</size>
         <input_file_ref idref="fl-19"/>
      </object_component>
      <object_component id="oc-de">
         <name>.debug_info</name>
         <load_address>0x3fc6f</load_address>
         <run_address>0x3fc6f</run_address>
         <size>0x4b9f</size>
         <input_file_ref idref="fl-1a"/>
      </object_component>
      <object_component id="oc-e4">
         <name>.debug_info</name>
         <load_address>0x4480e</load_address>
         <run_address>0x4480e</run_address>
         <size>0x1e20</size>
         <input_file_ref idref="fl-1b"/>
      </object_component>
      <object_component id="oc-e9">
         <name>.debug_info</name>
         <load_address>0x4662e</load_address>
         <run_address>0x4662e</run_address>
         <size>0x567</size>
         <input_file_ref idref="fl-1c"/>
      </object_component>
      <object_component id="oc-ee">
         <name>.debug_info</name>
         <load_address>0x46b95</load_address>
         <run_address>0x46b95</run_address>
         <size>0xb89</size>
         <input_file_ref idref="fl-1d"/>
      </object_component>
      <object_component id="oc-f3">
         <name>.debug_info</name>
         <load_address>0x4771e</load_address>
         <run_address>0x4771e</run_address>
         <size>0x22db</size>
         <input_file_ref idref="fl-1e"/>
      </object_component>
      <object_component id="oc-f8">
         <name>.debug_info</name>
         <load_address>0x499f9</load_address>
         <run_address>0x499f9</run_address>
         <size>0x1613</size>
         <input_file_ref idref="fl-1f"/>
      </object_component>
      <object_component id="oc-fe">
         <name>.debug_info</name>
         <load_address>0x4b00c</load_address>
         <run_address>0x4b00c</run_address>
         <size>0x21a9</size>
         <input_file_ref idref="fl-20"/>
      </object_component>
      <object_component id="oc-103">
         <name>.debug_info</name>
         <load_address>0x4d1b5</load_address>
         <run_address>0x4d1b5</run_address>
         <size>0x22f0</size>
         <input_file_ref idref="fl-21"/>
      </object_component>
      <object_component id="oc-109">
         <name>.debug_info</name>
         <load_address>0x4f4a5</load_address>
         <run_address>0x4f4a5</run_address>
         <size>0xfc</size>
         <input_file_ref idref="fl-22"/>
      </object_component>
      <object_component id="oc-111">
         <name>.debug_info</name>
         <load_address>0x4f5a1</load_address>
         <run_address>0x4f5a1</run_address>
         <size>0x143</size>
         <input_file_ref idref="fl-24"/>
      </object_component>
      <object_component id="oc-115">
         <name>.debug_info</name>
         <load_address>0x4f6e4</load_address>
         <run_address>0x4f6e4</run_address>
         <size>0x841</size>
         <input_file_ref idref="fl-25"/>
      </object_component>
      <object_component id="oc-11c">
         <name>.debug_info</name>
         <load_address>0x4ff25</load_address>
         <run_address>0x4ff25</run_address>
         <size>0xfa</size>
         <input_file_ref idref="fl-26"/>
      </object_component>
      <object_component id="oc-120">
         <name>.debug_info</name>
         <load_address>0x5001f</load_address>
         <run_address>0x5001f</run_address>
         <size>0x1730</size>
         <input_file_ref idref="fl-27"/>
      </object_component>
      <object_component id="oc-126">
         <name>.debug_info</name>
         <load_address>0x5174f</load_address>
         <run_address>0x5174f</run_address>
         <size>0x100</size>
         <input_file_ref idref="fl-28"/>
      </object_component>
      <object_component id="oc-12a">
         <name>.debug_info</name>
         <load_address>0x5184f</load_address>
         <run_address>0x5184f</run_address>
         <size>0x5d97</size>
         <input_file_ref idref="fl-29"/>
      </object_component>
      <object_component id="oc-12f">
         <name>.debug_info</name>
         <load_address>0x575e6</load_address>
         <run_address>0x575e6</run_address>
         <size>0x26f1</size>
         <input_file_ref idref="fl-2a"/>
      </object_component>
      <object_component id="oc-134">
         <name>.debug_info</name>
         <load_address>0x59cd7</load_address>
         <run_address>0x59cd7</run_address>
         <size>0x2ff0</size>
         <input_file_ref idref="fl-2b"/>
      </object_component>
      <object_component id="oc-139">
         <name>.debug_info</name>
         <load_address>0x5ccc7</load_address>
         <run_address>0x5ccc7</run_address>
         <size>0x272c</size>
         <input_file_ref idref="fl-2c"/>
      </object_component>
      <object_component id="oc-13e">
         <name>.debug_info</name>
         <load_address>0x5f3f3</load_address>
         <run_address>0x5f3f3</run_address>
         <size>0x133ab</size>
         <input_file_ref idref="fl-2d"/>
      </object_component>
      <object_component id="oc-172">
         <name>.debug_info</name>
         <load_address>0x7279e</load_address>
         <run_address>0x7279e</run_address>
         <size>0x1ba4</size>
         <input_file_ref idref="fl-2e"/>
      </object_component>
      <object_component id="oc-177">
         <name>.debug_info</name>
         <load_address>0x74342</load_address>
         <run_address>0x74342</run_address>
         <size>0x49a2</size>
         <input_file_ref idref="fl-2f"/>
      </object_component>
      <object_component id="oc-17c">
         <name>.debug_info</name>
         <load_address>0x78ce4</load_address>
         <run_address>0x78ce4</run_address>
         <size>0x283e</size>
         <input_file_ref idref="fl-30"/>
      </object_component>
      <object_component id="oc-182">
         <name>.debug_info</name>
         <load_address>0x7b522</load_address>
         <run_address>0x7b522</run_address>
         <size>0xfc</size>
         <input_file_ref idref="fl-31"/>
      </object_component>
      <object_component id="oc-186">
         <name>.debug_info</name>
         <load_address>0x7b61e</load_address>
         <run_address>0x7b61e</run_address>
         <size>0x4dd</size>
         <input_file_ref idref="fl-32"/>
      </object_component>
      <object_component id="oc-18c">
         <name>.debug_info</name>
         <load_address>0x7bafb</load_address>
         <run_address>0x7bafb</run_address>
         <size>0xae</size>
         <input_file_ref idref="fl-3b"/>
      </object_component>
      <object_component id="oc-190">
         <name>.debug_info</name>
         <load_address>0x7bba9</load_address>
         <run_address>0x7bba9</run_address>
         <size>0xaa</size>
         <input_file_ref idref="fl-3c"/>
      </object_component>
      <object_component id="oc-194">
         <name>.debug_info</name>
         <load_address>0x7bc53</load_address>
         <run_address>0x7bc53</run_address>
         <size>0xb0</size>
         <input_file_ref idref="fl-3d"/>
      </object_component>
      <object_component id="oc-198">
         <name>.debug_info</name>
         <load_address>0x7bd03</load_address>
         <run_address>0x7bd03</run_address>
         <size>0xaa</size>
         <input_file_ref idref="fl-3e"/>
      </object_component>
      <object_component id="oc-19c">
         <name>.debug_info</name>
         <load_address>0x7bdad</load_address>
         <run_address>0x7bdad</run_address>
         <size>0xaa</size>
         <input_file_ref idref="fl-3f"/>
      </object_component>
      <object_component id="oc-1a2">
         <name>.debug_info</name>
         <load_address>0x7be57</load_address>
         <run_address>0x7be57</run_address>
         <size>0xde</size>
         <input_file_ref idref="fl-41"/>
      </object_component>
      <object_component id="oc-1a6">
         <name>.debug_info</name>
         <load_address>0x7bf35</load_address>
         <run_address>0x7bf35</run_address>
         <size>0x3c6</size>
         <input_file_ref idref="fl-42"/>
      </object_component>
      <object_component id="oc-1ab">
         <name>.debug_info</name>
         <load_address>0x7c2fb</load_address>
         <run_address>0x7c2fb</run_address>
         <size>0x488</size>
         <input_file_ref idref="fl-43"/>
      </object_component>
      <object_component id="oc-1b2">
         <name>.debug_info</name>
         <load_address>0x7c783</load_address>
         <run_address>0x7c783</run_address>
         <size>0xc0</size>
         <input_file_ref idref="fl-44"/>
      </object_component>
      <object_component id="oc-1b6">
         <name>.debug_info</name>
         <load_address>0x7c843</load_address>
         <run_address>0x7c843</run_address>
         <size>0xc0</size>
         <input_file_ref idref="fl-45"/>
      </object_component>
      <object_component id="oc-1ba">
         <name>.debug_info</name>
         <load_address>0x7c903</load_address>
         <run_address>0x7c903</run_address>
         <size>0xc0</size>
         <input_file_ref idref="fl-46"/>
      </object_component>
      <object_component id="oc-1be">
         <name>.debug_info</name>
         <load_address>0x7c9c3</load_address>
         <run_address>0x7c9c3</run_address>
         <size>0xc6</size>
         <input_file_ref idref="fl-47"/>
      </object_component>
      <object_component id="oc-1c2">
         <name>.debug_info</name>
         <load_address>0x7ca89</load_address>
         <run_address>0x7ca89</run_address>
         <size>0xeb</size>
         <input_file_ref idref="fl-48"/>
      </object_component>
      <object_component id="oc-1c6">
         <name>.debug_info</name>
         <load_address>0x7cb74</load_address>
         <run_address>0x7cb74</run_address>
         <size>0x14b</size>
         <input_file_ref idref="fl-49"/>
      </object_component>
      <object_component id="oc-1ca">
         <name>.debug_info</name>
         <load_address>0x7ccbf</load_address>
         <run_address>0x7ccbf</run_address>
         <size>0xf8</size>
         <input_file_ref idref="fl-4a"/>
      </object_component>
      <object_component id="oc-1ce">
         <name>.debug_info</name>
         <load_address>0x7cdb7</load_address>
         <run_address>0x7cdb7</run_address>
         <size>0xc0</size>
         <input_file_ref idref="fl-4b"/>
      </object_component>
      <object_component id="oc-1d2">
         <name>.debug_info</name>
         <load_address>0x7ce77</load_address>
         <run_address>0x7ce77</run_address>
         <size>0x4ae</size>
         <input_file_ref idref="fl-4c"/>
      </object_component>
      <object_component id="oc-1d9">
         <name>.debug_info</name>
         <load_address>0x7d325</load_address>
         <run_address>0x7d325</run_address>
         <size>0x3d8</size>
         <input_file_ref idref="fl-4d"/>
      </object_component>
      <object_component id="oc-1de">
         <name>.debug_info</name>
         <load_address>0x7d6fd</load_address>
         <run_address>0x7d6fd</run_address>
         <size>0x3e0</size>
         <input_file_ref idref="fl-4e"/>
      </object_component>
      <object_component id="oc-1e3">
         <name>.debug_info</name>
         <load_address>0x7dadd</load_address>
         <run_address>0x7dadd</run_address>
         <size>0xeb</size>
         <input_file_ref idref="fl-4f"/>
      </object_component>
      <object_component id="oc-1e7">
         <name>.debug_info</name>
         <load_address>0x7dbc8</load_address>
         <run_address>0x7dbc8</run_address>
         <size>0xc0</size>
         <input_file_ref idref="fl-50"/>
      </object_component>
      <object_component id="oc-1eb">
         <name>.debug_info</name>
         <load_address>0x7dc88</load_address>
         <run_address>0x7dc88</run_address>
         <size>0x46f</size>
         <input_file_ref idref="fl-51"/>
      </object_component>
      <object_component id="oc-1ef">
         <name>.debug_info</name>
         <load_address>0x7e0f7</load_address>
         <run_address>0x7e0f7</run_address>
         <size>0x355</size>
         <input_file_ref idref="fl-52"/>
      </object_component>
      <object_component id="oc-27d">
         <name>.debug_info</name>
         <load_address>0x7e44c</load_address>
         <run_address>0x7e44c</run_address>
         <size>0x95</size>
      </object_component>
      <object_component id="oc-53">
         <name>.debug_frame</name>
         <load_address>0x0</load_address>
         <run_address>0x0</run_address>
         <size>0xc0</size>
         <input_file_ref idref="fl-2"/>
      </object_component>
      <object_component id="oc-58">
         <name>.debug_frame</name>
         <load_address>0xc0</load_address>
         <run_address>0xc0</run_address>
         <size>0xc3</size>
         <input_file_ref idref="fl-3"/>
      </object_component>
      <object_component id="oc-5e">
         <name>.debug_frame</name>
         <load_address>0x183</load_address>
         <run_address>0x183</run_address>
         <size>0x130</size>
         <input_file_ref idref="fl-4"/>
      </object_component>
      <object_component id="oc-64">
         <name>.debug_frame</name>
         <load_address>0x2b3</load_address>
         <run_address>0x2b3</run_address>
         <size>0x180</size>
         <input_file_ref idref="fl-5"/>
      </object_component>
      <object_component id="oc-69">
         <name>.debug_frame</name>
         <load_address>0x433</load_address>
         <run_address>0x433</run_address>
         <size>0xc3</size>
         <input_file_ref idref="fl-6"/>
      </object_component>
      <object_component id="oc-6e">
         <name>.debug_frame</name>
         <load_address>0x4f6</load_address>
         <run_address>0x4f6</run_address>
         <size>0xc3</size>
         <input_file_ref idref="fl-7"/>
      </object_component>
      <object_component id="oc-73">
         <name>.debug_frame</name>
         <load_address>0x5b9</load_address>
         <run_address>0x5b9</run_address>
         <size>0xfa</size>
         <input_file_ref idref="fl-8"/>
      </object_component>
      <object_component id="oc-79">
         <name>.debug_frame</name>
         <load_address>0x6b3</load_address>
         <run_address>0x6b3</run_address>
         <size>0xce</size>
         <input_file_ref idref="fl-9"/>
      </object_component>
      <object_component id="oc-7e">
         <name>.debug_frame</name>
         <load_address>0x781</load_address>
         <run_address>0x781</run_address>
         <size>0x19a</size>
         <input_file_ref idref="fl-a"/>
      </object_component>
      <object_component id="oc-83">
         <name>.debug_frame</name>
         <load_address>0x91b</load_address>
         <run_address>0x91b</run_address>
         <size>0x144</size>
         <input_file_ref idref="fl-b"/>
      </object_component>
      <object_component id="oc-89">
         <name>.debug_frame</name>
         <load_address>0xa5f</load_address>
         <run_address>0xa5f</run_address>
         <size>0x14c</size>
         <input_file_ref idref="fl-c"/>
      </object_component>
      <object_component id="oc-90">
         <name>.debug_frame</name>
         <load_address>0xbab</load_address>
         <run_address>0xbab</run_address>
         <size>0x14c</size>
         <input_file_ref idref="fl-d"/>
      </object_component>
      <object_component id="oc-97">
         <name>.debug_frame</name>
         <load_address>0xcf7</load_address>
         <run_address>0xcf7</run_address>
         <size>0x249</size>
         <input_file_ref idref="fl-e"/>
      </object_component>
      <object_component id="oc-9f">
         <name>.debug_frame</name>
         <load_address>0xf40</load_address>
         <run_address>0xf40</run_address>
         <size>0x105</size>
         <input_file_ref idref="fl-f"/>
      </object_component>
      <object_component id="oc-a6">
         <name>.debug_frame</name>
         <load_address>0x1045</load_address>
         <run_address>0x1045</run_address>
         <size>0x1a3</size>
         <input_file_ref idref="fl-10"/>
      </object_component>
      <object_component id="oc-ac">
         <name>.debug_frame</name>
         <load_address>0x11e8</load_address>
         <run_address>0x11e8</run_address>
         <size>0xc3</size>
         <input_file_ref idref="fl-11"/>
      </object_component>
      <object_component id="oc-b3">
         <name>.debug_frame</name>
         <load_address>0x12ab</load_address>
         <run_address>0x12ab</run_address>
         <size>0x162</size>
         <input_file_ref idref="fl-12"/>
      </object_component>
      <object_component id="oc-b9">
         <name>.debug_frame</name>
         <load_address>0x140d</load_address>
         <run_address>0x140d</run_address>
         <size>0x115</size>
         <input_file_ref idref="fl-13"/>
      </object_component>
      <object_component id="oc-c0">
[...]
      <symbol id="sm-81f">
         <name>_SciaRegs</name>
         <value>0x7050</value>
         <object_component_ref idref="oc-149"/>
      </symbol>
      <symbol id="sm-820">
         <name>_Ad2s_A</name>
         <value>0x100000</value>
         <object_component_ref idref="oc-143"/>
      </symbol>
      <symbol id="sm-821">
         <name>_GpioDataRegs</name>
         <value>0x6fc0</value>
         <object_component_ref idref="oc-154"/>
      </symbol>
      <symbol id="sm-822">
         <name>_CsmPwl</name>
         <value>0x33fff8</value>
         <object_component_ref idref="oc-142"/>
      </symbol>
      <symbol id="sm-823">
         <name>_AdcRegs</name>
         <value>0x7100</value>
         <object_component_ref idref="oc-14e"/>
      </symbol>
      <symbol id="sm-824">
         <name>_XIntruptRegs</name>
         <value>0x7070</value>
         <object_component_ref idref="oc-14a"/>
      </symbol>
      <symbol id="sm-825">
         <name>_CpuTimer2Regs</name>
         <value>0xc10</value>
         <object_component_ref idref="oc-13f"/>
      </symbol>
      <symbol id="sm-826">
         <name>_PieCtrlRegs</name>
         <value>0xce0</value>
         <object_component_ref idref="oc-14d"/>
      </symbol>
      <symbol id="sm-827">
         <name>_ECanbMOTSRegs</name>
         <value>0x6280</value>
         <object_component_ref idref="oc-165"/>
      </symbol>
      <symbol id="sm-828">
         <name>_ECanaRegs</name>
         <value>0x6000</value>
         <object_component_ref idref="oc-163"/>
      </symbol>
      <symbol id="sm-829">
         <name>_AdcMirror</name>
         <value>0xb00</value>
         <object_component_ref idref="oc-14b"/>
      </symbol>
      <symbol id="sm-82a">
         <name>_ECanbMboxes</name>
         <value>0x6300</value>
         <object_component_ref idref="oc-16e"/>
      </symbol>
      <symbol id="sm-82b">
         <name>_XintfRegs</name>
         <value>0xb20</value>
         <object_component_ref idref="oc-14f"/>
      </symbol>
      <symbol id="sm-82c">
         <name>_ScicRegs</name>
         <value>0x7770</value>
         <object_component_ref idref="oc-146"/>
      </symbol>
      <symbol id="sm-82d">
         <name>_ECap1Regs</name>
         <value>0x6a00</value>
         <object_component_ref idref="oc-156"/>
      </symbol>
      <symbol id="sm-82e">
         <name>_EQep1Regs</name>
         <value>0x6b00</value>
         <object_component_ref idref="oc-16b"/>
      </symbol>
      <symbol id="sm-82f">
         <name>_McbspaRegs</name>
         <value>0x5000</value>
         <object_component_ref idref="oc-15f"/>
      </symbol>
      <symbol id="sm-830">
         <name>_EPwm1Regs</name>
         <value>0x6800</value>
         <object_component_ref idref="oc-15a"/>
      </symbol>
      <symbol id="sm-831">
         <name>_ECanbRegs</name>
         <value>0x6200</value>
         <object_component_ref idref="oc-162"/>
      </symbol>
      <symbol id="sm-832">
         <name>_ScibRegs</name>
         <value>0x7750</value>
         <object_component_ref idref="oc-147"/>
      </symbol>
      <symbol id="sm-833">
         <name>_ECap2Regs</name>
         <value>0x6a20</value>
         <object_component_ref idref="oc-152"/>
      </symbol>
      <symbol id="sm-834">
         <name>_GpioIntRegs</name>
         <value>0x6fe0</value>
         <object_component_ref idref="oc-145"/>
      </symbol>
      <symbol id="sm-835">
         <name>_EQep2Regs</name>
         <value>0x6b40</value>
         <object_component_ref idref="oc-169"/>
      </symbol>
      <symbol id="sm-836">
         <name>_EPwm2Regs</name>
         <value>0x6840</value>
         <object_component_ref idref="oc-159"/>
      </symbol>
      <symbol id="sm-837">
         <name>_ECanaMboxes</name>
         <value>0x6100</value>
         <object_component_ref idref="oc-16f"/>
      </symbol>
      <symbol id="sm-838">
         <name>_ECap3Regs</name>
         <value>0x6a40</value>
         <object_component_ref idref="oc-153"/>
      </symbol>
      <symbol id="sm-839">
         <name>_ECanaMOTORegs</name>
         <value>0x60c0</value>
         <object_component_ref idref="oc-164"/>
      </symbol>
      <symbol id="sm-83a">
         <name>_EPwm3Regs</name>
         <value>0x6880</value>
         <object_component_ref idref="oc-15b"/>
      </symbol>
      <symbol id="sm-83b">
         <name>_ECanbLAMRegs</name>
         <value>0x6240</value>
         <object_component_ref idref="oc-16a"/>
      </symbol>
      <symbol id="sm-83c">
         <name>_I2caRegs</name>
         <value>0x7900</value>
         <object_component_ref idref="oc-158"/>
      </symbol>
      <symbol id="sm-85f">
         <name>_SetTestData</name>
         <value>0x303da0</value>
         <object_component_ref idref="oc-201"/>
      </symbol>
      <symbol id="sm-860">
         <name>_InitSpiaGpio</name>
         <value>0x303dbc</value>
         <object_component_ref idref="oc-201"/>
      </symbol>
      <symbol id="sm-861">
         <name>_InitSpiGpio</name>
         <value>0x303db9</value>
         <object_component_ref idref="oc-201"/>
      </symbol>
      <symbol id="sm-862">
         <name>_SpiTrans</name>
         <value>0x303d8a</value>
         <object_component_ref idref="oc-201"/>
      </symbol>
      <symbol id="sm-863">
         <name>_InitSpi</name>
         <value>0x303d71</value>
         <object_component_ref idref="oc-201"/>
      </symbol>
      <symbol id="sm-86f">
         <name>_DSP28x_usDelay</name>
         <value>0x885d</value>
         <object_component_ref idref="oc-181"/>
      </symbol>
      <symbol id="sm-882">
         <name>_Delay_us</name>
         <value>0x303fea</value>
         <object_component_ref idref="oc-20f"/>
      </symbol>
      <symbol id="sm-883">
         <name>_Delay_ms</name>
         <value>0x303fff</value>
         <object_component_ref idref="oc-20f"/>
      </symbol>
      <symbol id="sm-88d">
         <name>__IQ16atan2</name>
         <value>0x3046ae</value>
         <object_component_ref idref="oc-18b"/>
      </symbol>
      <symbol id="sm-896">
         <name>__IQ16cos</name>
         <value>0x3047a1</value>
         <object_component_ref idref="oc-18f"/>
      </symbol>
      <symbol id="sm-89f">
         <name>__IQ16div</name>
         <value>0x304729</value>
         <object_component_ref idref="oc-193"/>
      </symbol>
      <symbol id="sm-8a7">
         <name>__IQ16int</name>
         <value>0x3047d0</value>
         <object_component_ref idref="oc-197"/>
      </symbol>
      <symbol id="sm-8b0">
         <name>__IQ16sin</name>
         <value>0x304770</value>
         <object_component_ref idref="oc-19b"/>
      </symbol>
      <symbol id="sm-8b4">
         <name>_IQ4mpyRndSatTable</name>
         <value>0x3feb20</value>
         <object_component_ref idref="oc-19f"/>
      </symbol>
      <symbol id="sm-8b5">
         <name>_IQ5mpyRndSatTable</name>
         <value>0x3feb14</value>
         <object_component_ref idref="oc-19f"/>
      </symbol>
      <symbol id="sm-8b6">
         <name>_IQatan2Table</name>
         <value>0x3fe862</value>
         <object_component_ref idref="oc-19f"/>
      </symbol>
      <symbol id="sm-8b7">
         <name>_IQisqrtTableEnd</name>
         <value>0x3fe824</value>
         <object_component_ref idref="oc-19f"/>
      </symbol>
      <symbol id="sm-8b8">
         <name>_IQ8mpyRndSatTable</name>
         <value>0x3feaf0</value>
         <object_component_ref idref="oc-19f"/>
      </symbol>
      <symbol id="sm-8b9">
         <name>_IQ9mpyRndSatTable</name>
         <value>0x3feae4</value>
         <object_component_ref idref="oc-19f"/>
      </symbol>
      <symbol id="sm-8ba">
         <name>_IQsqrtTable</name>
         <value>0x3fe722</value>
         <object_component_ref idref="oc-19f"/>
      </symbol>
      <symbol id="sm-8bb">
         <name>_IQcosTableEnd</name>
         <value>0x3fe502</value>
         <object_component_ref idref="oc-19f"/>
      </symbol>
      <symbol id="sm-8bc">
         <name>_IQatan2HalfPITable</name>
         <value>0x3fe824</value>
         <object_component_ref idref="oc-19f"/>
      </symbol>
      <symbol id="sm-8bd">
         <name>_IQisqrtTable</name>
         <value>0x3fe722</value>
         <object_component_ref idref="oc-19f"/>
      </symbol>
      <symbol id="sm-8be">
         <name>_IQsqrtRoundSatTable</name>
         <value>0x3fe712</value>
         <object_component_ref idref="oc-19f"/>
      </symbol>
      <symbol id="sm-8bf">
         <name>_IQsqrtTableEnd</name>
         <value>0x3fe824</value>
         <object_component_ref idref="oc-19f"/>
      </symbol>
      <symbol id="sm-8c0">
         <name>_IQ30mpyRndSatTable</name>
         <value>0x3fe9e8</value>
         <object_component_ref idref="oc-19f"/>
      </symbol>
      <symbol id="sm-8c1">
         <name>_IQ17mpyRndSatTable</name>
         <value>0x3fea84</value>
         <object_component_ref idref="oc-19f"/>
      </symbol>
      <symbol id="sm-8c2">
         <name>_IQ16mpyRndSatTable</name>
         <value>0x3fea90</value>
         <object_component_ref idref="oc-19f"/>
      </symbol>
      <symbol id="sm-8c3">
         <name>_IQ15mpyRndSatTable</name>
         <value>0x3fea9c</value>
         <object_component_ref idref="oc-19f"/>
      </symbol>
      <symbol id="sm-8c4">
         <name>_IQ14mpyRndSatTable</name>
         <value>0x3feaa8</value>
         <object_component_ref idref="oc-19f"/>
      </symbol>
      <symbol id="sm-8c5">
         <name>_IQ13mpyRndSatTable</name>
         <value>0x3feab4</value>
         <object_component_ref idref="oc-19f"/>
      </symbol>
      <symbol id="sm-8c6">
         <name>_IQmpyRndSatTable</name>
         <value>0x3fe9e8</value>
         <object_component_ref idref="oc-19f"/>
      </symbol>
      <symbol id="sm-8c7">
         <name>_IQ12mpyRndSatTable</name>
         <value>0x3feac0</value>
         <object_component_ref idref="oc-19f"/>
      </symbol>
      <symbol id="sm-8c8">
         <name>_IQdivRoundSatTable</name>
         <value>0x3fe502</value>
         <object_component_ref idref="oc-19f"/>
      </symbol>
      <symbol id="sm-8c9">
         <name>_IQisqrtRoundSatTable</name>
         <value>0x3fe712</value>
         <object_component_ref idref="oc-19f"/>
      </symbol>
      <symbol id="sm-8ca">
         <name>_IQ11mpyRndSatTable</name>
         <value>0x3feacc</value>
         <object_component_ref idref="oc-19f"/>
      </symbol>
      <symbol id="sm-8cb">
         <name>_IQcosTable</name>
         <value>0x3fe100</value>
         <object_component_ref idref="oc-19f"/>
      </symbol>
      <symbol id="sm-8cc">
         <name>_IQ10mpyRndSatTable</name>
         <value>0x3fead8</value>
         <object_component_ref idref="oc-19f"/>
      </symbol>
      <symbol id="sm-8cd">
         <name>_IQmpyRndSatTableEnd</name>
         <value>0x3feb50</value>
         <object_component_ref idref="oc-19f"/>
      </symbol>
      <symbol id="sm-8ce">
         <name>_IQ19mpyRndSatTable</name>
         <value>0x3fea6c</value>
         <object_component_ref idref="oc-19f"/>
      </symbol>
      <symbol id="sm-8cf">
         <name>_IQ27mpyRndSatTable</name>
         <value>0x3fea0c</value>
         <object_component_ref idref="oc-19f"/>
      </symbol>
      <symbol id="sm-8d0">
         <name>_IQ18mpyRndSatTable</name>
         <value>0x3fea78</value>
         <object_component_ref idref="oc-19f"/>
      </symbol>
      <symbol id="sm-8d1">
         <name>_IQ26mpyRndSatTable</name>
         <value>0x3fea18</value>
         <object_component_ref idref="oc-19f"/>
      </symbol>
      <symbol id="sm-8d2">
         <name>_IQ25mpyRndSatTable</name>
         <value>0x3fea24</value>
         <object_component_ref idref="oc-19f"/>
      </symbol>
      <symbol id="sm-8d3">
         <name>_IQsinTable</name>
         <value>0x3fe000</value>
         <object_component_ref idref="oc-19f"/>
      </symbol>
      <symbol id="sm-8d4">
         <name>_IQ24mpyRndSatTable</name>
         <value>0x3fea30</value>
         <object_component_ref idref="oc-19f"/>
      </symbol>
      <symbol id="sm-8d5">
         <name>_IQdivTableEnd</name>
         <value>0x3fe712</value>
         <object_component_ref idref="oc-19f"/>
      </symbol>
      <symbol id="sm-8d6">
         <name>_IQ23mpyRndSatTable</name>
         <value>0x3fea3c</value>
         <object_component_ref idref="oc-19f"/>
      </symbol>
      <symbol id="sm-8d7">
         <name>_IQ22mpyRndSatTable</name>
         <value>0x3fea48</value>
         <object_component_ref idref="oc-19f"/>
      </symbol>
      <symbol id="sm-8d8">
         <name>_IQ21mpyRndSatTable</name>
         <value>0x3fea54</value>
         <object_component_ref idref="oc-19f"/>
      </symbol>
      <symbol id="sm-8d9">
         <name>_IQ20mpyRndSatTable</name>
         <value>0x3fea60</value>
         <object_component_ref idref="oc-19f"/>
      </symbol>
      <symbol id="sm-8da">
         <name>_IQsinTableEnd</name>
         <value>0x3fe400</value>
         <object_component_ref idref="oc-19f"/>
      </symbol>
      <symbol id="sm-8db">
         <name>_IQdivTable</name>
         <value>0x3fe510</value>
         <object_component_ref idref="oc-19f"/>
      </symbol>
      <symbol id="sm-8dc">
         <name>_IQ2mpyRndSatTable</name>
         <value>0x3feb38</value>
         <object_component_ref idref="oc-19f"/>
      </symbol>
      <symbol id="sm-8dd">
         <name>_IQ3mpyRndSatTable</name>
         <value>0x3feb2c</value>
         <object_component_ref idref="oc-19f"/>
      </symbol>
      <symbol id="sm-8de">
         <name>_IQ1mpyRndSatTable</name>
         <value>0x3feb44</value>
         <object_component_ref idref="oc-19f"/>
      </symbol>
      <symbol id="sm-8df">
         <name>_IQ29mpyRndSatTable</name>
         <value>0x3fe9f4</value>
         <object_component_ref idref="oc-19f"/>
      </symbol>
      <symbol id="sm-8e0">
         <name>_IQ6mpyRndSatTable</name>
         <value>0x3feb08</value>
         <object_component_ref idref="oc-19f"/>
      </symbol>
      <symbol id="sm-8e1">
         <name>_IQatan2TableEnd</name>
         <value>0x3fe9e8</value>
         <object_component_ref idref="oc-19f"/>
      </symbol>
      <symbol id="sm-8e2">
         <name>_IQ28mpyRndSatTable</name>
         <value>0x3fea00</value>
         <object_component_ref idref="oc-19f"/>
      </symbol>
      <symbol id="sm-8e3">
         <name>_IQ7mpyRndSatTable</name>
         <value>0x3feafc</value>
         <object_component_ref idref="oc-19f"/>
      </symbol>
      <symbol id="sm-8f8">
         <name>_c_int00</name>
         <value>0x303ee3</value>
         <object_component_ref idref="oc-4e"/>
      </symbol>
      <symbol id="sm-8f9">
         <name>__stack</name>
         <value>0x400</value>
         <object_component_ref idref="oc-1a0"/>
      </symbol>
      <symbol id="sm-906">
         <name>_cos</name>
         <value>0x303de2</value>
         <object_component_ref idref="oc-1a5"/>
      </symbol>
      <symbol id="sm-918">
         <name>C$$EXIT</name>
         <value>0x304109</value>
         <object_component_ref idref="oc-1aa"/>
      </symbol>
      <symbol id="sm-919">
         <name>_exit</name>
         <value>0x30410b</value>
         <object_component_ref idref="oc-1aa"/>
      </symbol>
      <symbol id="sm-91a">
         <name>___TI_cleanup_ptr</name>
         <value>0xcef4</value>
         <object_component_ref idref="oc-1ad"/>
      </symbol>
      <symbol id="sm-91b">
         <name>_abort</name>
         <value>0x304109</value>
         <object_component_ref idref="oc-1aa"/>
      </symbol>
      <symbol id="sm-91c">
         <name>___TI_dtors_ptr</name>
         <value>0xcef6</value>
         <object_component_ref idref="oc-1ad"/>
      </symbol>
      <symbol id="sm-92a">
         <name>FD$$MPY</name>
         <value>0x303b05</value>
         <object_component_ref idref="oc-1b1"/>
      </symbol>
      <symbol id="sm-935">
         <name>FD$$TOL</name>
         <value>0x304097</value>
         <object_component_ref idref="oc-1b5"/>
      </symbol>
      <symbol id="sm-942">
         <name>FS$$DIV</name>
         <value>0x303a7d</value>
         <object_component_ref idref="oc-1b9"/>
      </symbol>
      <symbol id="sm-94e">
         <name>FS$$TOFD</name>
         <value>0x3040d4</value>
         <object_component_ref idref="oc-1bd"/>
      </symbol>
      <symbol id="sm-958">
         <name>I$$MOD</name>
         <value>0x304066</value>
         <object_component_ref idref="oc-1c1"/>
      </symbol>
      <symbol id="sm-959">
         <name>I$$DIV</name>
         <value>0x304055</value>
         <object_component_ref idref="oc-1c1"/>
      </symbol>
      <symbol id="sm-961">
         <name>UL$$MOD</name>
         <value>0x303fbc</value>
         <object_component_ref idref="oc-1c5"/>
      </symbol>
      <symbol id="sm-962">
         <name>L$$MOD</name>
         <value>0x303fa7</value>
         <object_component_ref idref="oc-1c5"/>
      </symbol>
      <symbol id="sm-963">
         <name>L$$DIV</name>
         <value>0x303f98</value>
         <object_component_ref idref="oc-1c5"/>
      </symbol>
      <symbol id="sm-964">
         <name>UL$$DIV</name>
         <value>0x303fb5</value>
         <object_component_ref idref="oc-1c5"/>
      </symbol>
      <symbol id="sm-96e">
         <name>ULL$$CMP</name>
         <value>0x3040c8</value>
         <object_component_ref idref="oc-1c9"/>
      </symbol>
      <symbol id="sm-96f">
         <name>LL$$CMP</name>
         <value>0x3040b6</value>
         <object_component_ref idref="oc-1c9"/>
      </symbol>
      <symbol id="sm-977">
         <name>LL$$MPY</name>
         <value>0x304139</value>
         <object_component_ref idref="oc-1cd"/>
      </symbol>
      <symbol id="sm-986">
         <name>__unlock</name>
         <value>0xccfa</value>
         <object_component_ref idref="oc-1d4"/>
      </symbol>
      <symbol id="sm-987">
         <name>__lock</name>
         <value>0xccfc</value>
         <object_component_ref idref="oc-1d4"/>
      </symbol>
      <symbol id="sm-988">
         <name>__register_lock</name>
         <value>0x30415c</value>
         <object_component_ref idref="oc-1d1"/>
      </symbol>
      <symbol id="sm-989">
         <name>__nop</name>
         <value>0x304160</value>
         <object_component_ref idref="oc-1d1"/>
      </symbol>
      <symbol id="sm-98a">
         <name>__register_unlock</name>
         <value>0x304158</value>
         <object_component_ref idref="oc-1d1"/>
      </symbol>
      <symbol id="sm-996">
         <name>_sin</name>
         <value>0x303e43</value>
         <object_component_ref idref="oc-1d8"/>
      </symbol>
      <symbol id="sm-9a5">
         <name>_sqrt</name>
         <value>0x304032</value>
         <object_component_ref idref="oc-1dd"/>
      </symbol>
      <symbol id="sm-9ad">
         <name>U$$MOD</name>
         <value>0x304152</value>
         <object_component_ref idref="oc-1e2"/>
      </symbol>
      <symbol id="sm-9ae">
         <name>U$$DIV</name>
         <value>0x30414d</value>
         <object_component_ref idref="oc-1e2"/>
      </symbol>
      <symbol id="sm-9bb">
         <name>U$$TOFD</name>
         <value>0x304122</value>
         <object_component_ref idref="oc-1e6"/>
      </symbol>
      <symbol id="sm-9c8">
         <name>__args_main</name>
         <value>0x3040f0</value>
         <object_component_ref idref="oc-1ea"/>
      </symbol>
      <symbol id="sm-9c9">
         <name>__TI_args_main</name>
         <value>0x1</value>
      </symbol>
      <symbol id="sm-9d4">
         <name>_errno</name>
         <value>0xc77f</value>
         <object_component_ref idref="oc-1f1"/>
      </symbol>
      <symbol id="sm-9d5">
         <name>_floor</name>
         <value>0x0</value>
      </symbol>
   </symbol_table>
   <title>Link errors: red sections failed placement</title>
</link_info>
