******************************************************************************
             TMS320C2000 Linker PC v15.12.3                    
******************************************************************************
>> Linked Mon Jul 31 21:45:51 2023

OUTPUT FILE NAME:   <DSPCoreV1.out>
ENTRY POINT SYMBOL: "_c_int00"  address: 00303ee3


MEMORY CONFIGURATION

         name            origin    length      used     unused   attr    fill
----------------------  --------  ---------  --------  --------  ----  --------
PAGE 0:
  ZONE0                 00004000   00001000  00000000  00001000  RWIX
  RAML0                 00008000   00001000  00000861  0000079f  RWIX
  RAML1                 00009000   00001000  00000000  00001000  RWIX
  RAML2                 0000a000   00001000  00000000  00001000  RWIX
  RAML3                 0000b000   00001000  00000000  00001000  RWIX
  ZONE6A                00100000   0000fc00  00000000  0000fc00  RWIX
  ZONE7                 00200000   00100000  00000000  00100000  RWIX
  FLASHH                00300000   00008000  000047d7  00003829  RWIX
  CSM_RSVD              0033ff80   00000076  00000076  00000000  RWIX
  BEGIN                 0033fff6   00000002  00000002  00000000  RWIX
  CSM_PWL               0033fff8   00000008  00000008  00000000  RWIX
  ADC_CAL               00380080   00000009  00000007  00000002  RWIX
  OTP                   00380400   00000400  00000000  00000400  RWIX
  IQTABLES              003fe000   00000b50  00000b50  00000000  RWIX
  IQTABLES2             003feb50   0000008c  00000000  0000008c  RWIX
  FPUTABLES             003febdc   000006a0  00000000  000006a0  RWIX
  ROM                   003ff27c   00000d44  00000000  00000d44  RWIX
  RESET                 003fffc0   00000002  00000000  00000002  RWIX
  VECTORS               003fffc2   0000003e  00000000  0000003e  RWIX

PAGE 1:
  BOOT_RSVD             00000000   00000050  00000000  00000050  RWIX
  RAMM0                 00000050   000003b0  00000000  000003b0  RWIX
  RAMM1                 00000400   00000400  00000300  00000100  RWIX
  DEV_EMU               00000880   00000180  000000d0  000000b0  RWIX
  FLASH_REGS            00000a80   00000060  00000008  00000058  RWIX
  CSM                   00000ae0   00000010  00000010  00000000  RWIX
  ADC_MIRROR            00000b00   00000010  00000010  00000000  RWIX
  XINTF                 00000b20   00000020  0000001e  00000002  RWIX
  CPU_TIMER0            00000c00   00000008  00000008  00000000  RWIX
  CPU_TIMER1            00000c08   00000008  00000008  00000000  RWIX
  CPU_TIMER2            00000c10   00000008  00000008  00000000  RWIX
  PIE_CTRL              00000ce0   00000020  0000001a  00000006  RWIX
  PIE_VECT              00000d00   00000100  00000100  00000000  RWIX
  DMA                   00001000   00000200  000000e0  00000120  RWIX
  MCBSPA                00005000   00000040  00000025  0000001b  RWIX
  MCBSPB                00005040   00000040  00000025  0000001b  RWIX
  ECANA                 00006000   00000040  00000034  0000000c  RWIX
  ECANA_LAM             00006040   00000040  00000040  00000000  RWIX
  ECANA_MOTS            00006080   00000040  00000040  00000000  RWIX
  ECANA_MOTO            000060c0   00000040  00000040  00000000  RWIX
  ECANA_MBOX            00006100   00000100  00000100  00000000  RWIX
  ECANB                 00006200   00000040  00000034  0000000c  RWIX
  ECANB_LAM             00006240   00000040  00000040  00000000  RWIX
  ECANB_MOTS            00006280   00000040  00000040  00000000  RWIX
  ECANB_MOTO            000062c0   00000040  00000040  00000000  RWIX
  ECANB_MBOX            00006300   00000100  00000100  00000000  RWIX
  EPWM1                 00006800   00000022  00000022  00000000  RWIX
  EPWM2                 00006840   00000022  00000022  00000000  RWIX
  EPWM3                 00006880   00000022  00000022  00000000  RWIX
  EPWM4                 000068c0   00000022  00000022  00000000  RWIX
  EPWM5                 00006900   00000022  00000022  00000000  RWIX
  EPWM6                 00006940   00000022  00000022  00000000  RWIX
  ECAP1                 00006a00   00000020  00000020  00000000  RWIX
  ECAP2                 00006a20   00000020  00000020  00000000  RWIX
  ECAP3                 00006a40   00000020  00000020  00000000  RWIX
  ECAP4                 00006a60   00000020  00000020  00000000  RWIX
  ECAP5                 00006a80   00000020  00000020  00000000  RWIX
  ECAP6                 00006aa0   00000020  00000020  00000000  RWIX
  EQEP1                 00006b00   00000040  00000040  00000000  RWIX
  EQEP2                 00006b40   00000040  00000040  00000000  RWIX
  GPIOCTRL              00006f80   00000040  0000002e  00000012  RWIX
  GPIODAT               00006fc0   00000020  00000020  00000000  RWIX
  GPIOINT               00006fe0   00000020  0000000a  00000016  RWIX
  SYSTEM                00007010   00000020  00000020  00000000  RWIX
  SPIA                  00007040   00000010  00000010  00000000  RWIX
  SCIA                  00007050   00000010  00000010  00000000  RWIX
  XINTRUPT              00007070   00000010  00000010  00000000  RWIX
  ADC                   00007100   00000020  0000001e  00000002  RWIX
  SCIB                  00007750   00000010  00000010  00000000  RWIX
  SCIC                  00007770   00000010  00000010  00000000  RWIX
  I2CA                  00007900   00000040  00000022  0000001e  RWIX
  RAML456               0000c000   00003000  00000ff8  00002008  RWIX
  RAML7                 0000f000   00001000  00000000  00001000  RWIX
  AD2_A                 00100000   00000008  00000008  00000000  RWIX
  ZONE6B                0010fc00   00000400  00000000  00000400  RWIX
  FLASHB                00330000   00008000  00000000  00008000  RWIX
  CSM_PWL               0033fff8   00000008  00000008  00000000  RWIX


SECTION ALLOCATION MAP

 output                                  attributes/
section   page    origin      length       input sections
--------  ----  ----------  ----------   ----------------
ramfuncs   0    00300000    00000861     RUN ADDR = 00008000
                  00300000    00000506     MCSoft_HighFreqTask.obj (ramfuncs)
                  00300506    0000033c     MCSoft_SmcObserver_ext.obj (ramfuncs)
                  00300842    0000001b     DSP28335_SysCtrl.obj (ramfuncs)
                  0030085d    00000004     DSP2833x_usDelay.obj (ramfuncs)

.text      0    00300862    00003911     
                  00300862    0000065c     MCCore_CurrLoopCtler.obj (.text)
                  00300ebe    000005a2     MCSoft_MediumFreqTask.obj (.text)
                  00301460    000003ce     MCSoft_Uart.obj (.text)
                  0030182e    000003ca     MCSoft_FluxEst.obj (.text)
                  00301bf8    00000349     DSP28335_DefaultIsr.obj (.text:retain)
                  00301f41    000002a7     MCSoft_StartUp.obj (.text)
                  003021e8    000002a3     MCSoft_Hfi.obj (.text)
                  0030248b    00000256     MCPara_LoadSave.obj (.text)
                  003026e1    00000250     MCSoft_ErrCheck.obj (.text)
                  00302931    0000020e     MCSoft_HighFreqTask.obj (.text)
                  00302b3f    000001e1     MCCore_SpdLoopCtler.obj (.text)
                  00302d20    00000177     DSP28335_Gpio.obj (.text)
                  00302e97    00000177     MCSoft_SystemInit.obj (.text)
                  0030300e    0000015e     MCCore_CfgFpga.obj (.text)
                  0030316c    00000130     MCSoft_SmcObserver_ext.obj (.text)
                  0030329c    00000127     MCPara_EEPROM.obj (.text)
                  003033c3    00000120     MCSoft_HalApi.obj (.text)
                  003034e3    00000107     DSP28335_Xintf.obj (.text)
                  003035ea    00000102     main.obj (.text)
                  003036ec    000000f8     DSP28335_SysCtrl.obj (.text)
                  003037e4    000000ce     MCSoft_Message.obj (.text)
                  003038b2    000000a4     DSP2833x_ECap.obj (.text)
                  00303956    0000009a     DSP28335_Adc.obj (.text)
                  003039f0    0000008d     MCCore_ResolverDealModule.obj (.text)
                  00303a7d    00000088     rts2800_fpu32.lib : fs_div.obj (.text)
                  00303b05    00000083                       : fd_mpy.obj (.text)
                  00303b88    00000081     MCSoft_Math.obj (.text)
                  00303c09    0000007d     MCCore_FaultDealModule.obj (.text)
                  00303c86    00000079     MCSoft_Scope.obj (.text)
                  00303cff    00000072     MCCore_CurrLoopCtler.obj (.text:retain)
                  00303d71    00000071     DSP2833x_Spi.obj (.text)
                  00303de2    00000061     rts2800_fpu32.lib : cos.obj (.text)
                  00303e43    00000058                       : sin.obj (.text)
                  00303e9b    00000048     MCCore_BusVolDecoupler.obj (.text)
                  00303ee3    00000046     rts2800_fpu32.lib : boot.obj (.text)
                  00303f29    0000003a     DSP28335_Sci.obj (.text)
                  00303f63    00000035     DSP28335_Sci.obj (.text:retain)
                  00303f98    0000002a     rts2800_fpu32.lib : l_div.obj (.text)
                  00303fc2    00000028     DSP28335_PieCtrl.obj (.text)
                  00303fea    00000025     MC_Common28335.obj (.text)
                  0030400f    00000023     DSP28335_MemCopy.obj (.text)
                  00304032    00000023     rts2800_fpu32.lib : sqrt.obj (.text)
                  00304055    00000022                       : i_div.obj (.text)
                  00304077    00000020     DSP28335_PieVect.obj (.text)
                  00304097    0000001f     rts2800_fpu32.lib : fd_tol.obj (.text)
                  003040b6    0000001e                       : ll_cmp.obj (.text)
                  003040d4    0000001c                       : fs_tofd.obj (.text)
                  003040f0    00000019                       : args_main.obj (.text)
                  00304109    00000019                       : exit.obj (.text)
                  00304122    00000017                       : u_tofd.obj (.text)
                  00304139    00000014                       : ll_mpy.obj (.text)
                  0030414d    0000000b                       : u_div.obj (.text)
                  00304158    00000009                       : _lock.obj (.text)
                  00304161    00000008     DSP2833x_CodeStartBranch.obj (.text)
                  00304169    00000007     DSP2833x_DisInt.obj (.text)
                  00304170    00000003     DSP2833x_DBGIER.obj (.text)

.econst    0    00304174    0000040c     
                  00304174    00000100     DSP28335_PieVect.obj (.econst:_PieVectTableInit)
                  00304274    00000100     MCPara_LoadSave.obj (.econst:_stSpdFdbParaAttr)
                  00304374    00000050     MCPara_LoadSave.obj (.econst:_stCtrlParaAttr)
                  003043c4    00000040     MCSoft_Uart.obj (.econst:_stTxStructArr)
                  00304404    0000003c     MCPara_LoadSave.obj (.econst:_stHalParaAttr)
                  00304440    0000003c     MCPara_LoadSave.obj (.econst:_stSnsLessParaAttr)
                  0030447c    00000030     MCPara_LoadSave.obj (.econst:_stEEPROMParaArr)
                  003044ac    00000030     MCPara_LoadSave.obj (.econst:_stUpdateParaArr)
                  003044dc    00000028     MCPara_LoadSave.obj (.econst:_stFaultParaAttr)
                  00304504    00000028     MCPara_LoadSave.obj (.econst:_stWarnParaAttr)
                  0030452c    00000020     MCPara_LoadSave.obj (.econst:_stMotorParaAttr)
                  0030454c    00000010     MCSoft_Uart.obj (.econst)
                  0030455c    00000010     MCSoft_Scope.obj (.econst:_stScopeObjArr)
                  0030456c    00000010     MCPara_LoadSave.obj (.econst:_stSysCfgParaAttr)
                  0030457c    00000004     MCSoft_Hfi.obj (.econst)

.cinit     0    00304580    0000012e     
                  00304580    0000003d     MCSoft_HighFreqTask.obj (.cinit)
                  003045bd    0000003a     MCSoft_HalApi.obj (.cinit)
                  003045f7    00000029     MCSoft_Uart.obj (.cinit)
                  00304620    00000023     MCSoft_ErrCheck.obj (.cinit)
                  00304643    00000023     MCSoft_MediumFreqTask.obj (.cinit)
                  00304666    00000014     MCSoft_Hfi.obj (.cinit)
                  0030467a    00000011     MCSoft_Scope.obj (.cinit)
                  0030468b    0000000a     rts2800_fpu32.lib : _lock.obj (.cinit)
                  00304695    0000000a                       : exit.obj (.cinit)
                  0030469f    00000009     main.obj (.cinit)
                  003046a8    00000004     rts2800_fpu32.lib : errno.obj (.cinit)
                  003046ac    00000002     --HOLE-- [fill = 0]

IQmath     0    003046ae    0000012b     
                  003046ae    0000007b     IQmath_fpu32.lib : IQ16atan2.obj (IQmath)
                  00304729    00000047                      : IQ16div.obj (IQmath)
                  00304770    00000031                      : IQ16sin.obj (IQmath)
                  003047a1    0000002f                      : IQ16cos.obj (IQmath)
                  003047d0    00000009                      : IQ16int.obj (IQmath)

csm_rsvd   0    0033ff80    00000076     
                  0033ff80    00000076     DSP2833x_CSMPasswords.obj (csm_rsvd)

codestart 
*          0    0033fff6    00000002     
                  0033fff6    00000002     DSP2833x_CodeStartBranch.obj (codestart)

csmpasswds 
*          0    0033fff8    00000008     
                  0033fff8    00000008     DSP2833x_CSMPasswords.obj (csmpasswds)

.adc_cal   0    00380080    00000007     NOLOAD SECTION
                  00380080    00000007     DSP2833x_ADC_cal.obj (.adc_cal)

IQmathTables 
*          0    003fe000    00000b50     NOLOAD SECTION
                  003fe000    00000b50     IQmath_fpu32.lib : IQmathTables.obj (IQmathTables)

.stack     1    00000400    00000300     UNINITIALIZED
                  00000400    00000300     --HOLE--

DevEmuRegsFile 
*          1    00000880    000000d0     UNINITIALIZED
                  00000880    000000d0     DSP2833x_GlobalVariableDefs.obj (DevEmuRegsFile)

FlashRegsFile 
*          1    00000a80    00000008     UNINITIALIZED
                  00000a80    00000008     DSP2833x_GlobalVariableDefs.obj (FlashRegsFile)

CsmRegsFile 
*          1    00000ae0    00000010     UNINITIALIZED
                  00000ae0    00000010     DSP2833x_GlobalVariableDefs.obj (CsmRegsFile)

AdcMirrorFile 
*          1    00000b00    00000010     UNINITIALIZED
                  00000b00    00000010     DSP2833x_GlobalVariableDefs.obj (AdcMirrorFile)

XintfRegsFile 
*          1    00000b20    0000001e     UNINITIALIZED
                  00000b20    0000001e     DSP2833x_GlobalVariableDefs.obj (XintfRegsFile)

CpuTimer0RegsFile 
*          1    00000c00    00000008     UNINITIALIZED
                  00000c00    00000008     DSP2833x_GlobalVariableDefs.obj (CpuTimer0RegsFile)

CpuTimer1RegsFile 
*          1    00000c08    00000008     UNINITIALIZED
                  00000c08    00000008     DSP2833x_GlobalVariableDefs.obj (CpuTimer1RegsFile)

CpuTimer2RegsFile 
*          1    00000c10    00000008     UNINITIALIZED
                  00000c10    00000008     DSP2833x_GlobalVariableDefs.obj (CpuTimer2RegsFile)

PieCtrlRegsFile 
*          1    00000ce0    0000001a     UNINITIALIZED
                  00000ce0    0000001a     DSP2833x_GlobalVariableDefs.obj (PieCtrlRegsFile)

PieVectTableFile 
*          1    00000d00    00000100     UNINITIALIZED
                  00000d00    00000100     DSP2833x_GlobalVariableDefs.obj (PieVectTableFile)

DmaRegsFile 
*          1    00001000    000000e0     UNINITIALIZED
                  00001000    000000e0     DSP2833x_GlobalVariableDefs.obj (DmaRegsFile)

McbspaRegsFile 
*          1    00005000    00000025     UNINITIALIZED
                  00005000    00000025     DSP2833x_GlobalVariableDefs.obj (McbspaRegsFile)

McbspbRegsFile 
*          1    00005040    00000025     UNINITIALIZED
                  00005040    00000025     DSP2833x_GlobalVariableDefs.obj (McbspbRegsFile)

ECanaRegsFile 
*          1    00006000    00000034     UNINITIALIZED
                  00006000    00000034     DSP2833x_GlobalVariableDefs.obj (ECanaRegsFile)

ECanaLAMRegsFile 
*          1    00006040    00000040     UNINITIALIZED
                  00006040    00000040     DSP2833x_GlobalVariableDefs.obj (ECanaLAMRegsFile)

ECanaMOTSRegsFile 
*          1    00006080    00000040     UNINITIALIZED
                  00006080    00000040     DSP2833x_GlobalVariableDefs.obj (ECanaMOTSRegsFile)

ECanaMOTORegsFile 
*          1    000060c0    00000040     UNINITIALIZED
                  000060c0    00000040     DSP2833x_GlobalVariableDefs.obj (ECanaMOTORegsFile)

ECanaMboxesFile 
*          1    00006100    00000100     UNINITIALIZED
                  00006100    00000100     DSP2833x_GlobalVariableDefs.obj (ECanaMboxesFile)

ECanbRegsFile 
*          1    00006200    00000034     UNINITIALIZED
                  00006200    00000034     DSP2833x_GlobalVariableDefs.obj (ECanbRegsFile)

ECanbLAMRegsFile 
*          1    00006240    00000040     UNINITIALIZED
                  00006240    00000040     DSP2833x_GlobalVariableDefs.obj (ECanbLAMRegsFile)

ECanbMOTSRegsFile 
*          1    00006280    00000040     UNINITIALIZED
                  00006280    00000040     DSP2833x_GlobalVariableDefs.obj (ECanbMOTSRegsFile)

ECanbMOTORegsFile 
*          1    000062c0    00000040     UNINITIALIZED
                  000062c0    00000040     DSP2833x_GlobalVariableDefs.obj (ECanbMOTORegsFile)

ECanbMboxesFile 
*          1    00006300    00000100     UNINITIALIZED
                  00006300    00000100     DSP2833x_GlobalVariableDefs.obj (ECanbMboxesFile)

EPwm1RegsFile 
*          1    00006800    00000022     UNINITIALIZED
                  00006800    00000022     DSP2833x_GlobalVariableDefs.obj (EPwm1RegsFile)

EPwm2RegsFile 
*          1    00006840    00000022     UNINITIALIZED
                  00006840    00000022     DSP2833x_GlobalVariableDefs.obj (EPwm2RegsFile)

EPwm3RegsFile 
*          1    00006880    00000022     UNINITIALIZED
                  00006880    00000022     DSP2833x_GlobalVariableDefs.obj (EPwm3RegsFile)

EPwm4RegsFile 
*          1    000068c0    00000022     UNINITIALIZED
                  000068c0    00000022     DSP2833x_GlobalVariableDefs.obj (EPwm4RegsFile)

EPwm5RegsFile 
*          1    00006900    00000022     UNINITIALIZED
                  00006900    00000022     DSP2833x_GlobalVariableDefs.obj (EPwm5RegsFile)

EPwm6RegsFile 
*          1    00006940    00000022     UNINITIALIZED
                  00006940    00000022     DSP2833x_GlobalVariableDefs.obj (EPwm6RegsFile)

ECap1RegsFile 
*          1    00006a00    00000020     UNINITIALIZED
                  00006a00    00000020     DSP2833x_GlobalVariableDefs.obj (ECap1RegsFile)

ECap2RegsFile 
*          1    00006a20    00000020     UNINITIALIZED
                  00006a20    00000020     DSP2833x_GlobalVariableDefs.obj (ECap2RegsFile)

ECap3RegsFile 
*          1    00006a40    00000020     UNINITIALIZED
                  00006a40    00000020     DSP2833x_GlobalVariableDefs.obj (ECap3RegsFile)

ECap4RegsFile 
*          1    00006a60    00000020     UNINITIALIZED
                  00006a60    00000020     DSP2833x_GlobalVariableDefs.obj (ECap4RegsFile)

ECap5RegsFile 
*          1    00006a80    00000020     UNINITIALIZED
                  00006a80    00000020     DSP2833x_GlobalVariableDefs.obj (ECap5RegsFile)

ECap6RegsFile 
*          1    00006aa0    00000020     UNINITIALIZED
                  00006aa0    00000020     DSP2833x_GlobalVariableDefs.obj (ECap6RegsFile)

EQep1RegsFile 
*          1    00006b00    00000040     UNINITIALIZED
                  00006b00    00000040     DSP2833x_GlobalVariableDefs.obj (EQep1RegsFile)

EQep2RegsFile 
*          1    00006b40    00000040     UNINITIALIZED
                  00006b40    00000040     DSP2833x_GlobalVariableDefs.obj (EQep2RegsFile)

GpioCtrlRegsFile 
*          1    00006f80    0000002e     UNINITIALIZED
                  00006f80    0000002e     DSP2833x_GlobalVariableDefs.obj (GpioCtrlRegsFile)

GpioDataRegsFile 
*          1    00006fc0    00000020     UNINITIALIZED
                  00006fc0    00000020     DSP2833x_GlobalVariableDefs.obj (GpioDataRegsFile)

GpioIntRegsFile 
*          1    00006fe0    0000000a     UNINITIALIZED
                  00006fe0    0000000a     DSP2833x_GlobalVariableDefs.obj (GpioIntRegsFile)

SysCtrlRegsFile 
*          1    00007010    00000020     UNINITIALIZED
                  00007010    00000020     DSP2833x_GlobalVariableDefs.obj (SysCtrlRegsFile)

SpiaRegsFile 
*          1    00007040    00000010     UNINITIALIZED
                  00007040    00000010     DSP2833x_GlobalVariableDefs.obj (SpiaRegsFile)

SciaRegsFile 
*          1    00007050    00000010     UNINITIALIZED
                  00007050    00000010     DSP2833x_GlobalVariableDefs.obj (SciaRegsFile)

XIntruptRegsFile 
*          1    00007070    00000010     UNINITIALIZED
                  00007070    00000010     DSP2833x_GlobalVariableDefs.obj (XIntruptRegsFile)

AdcRegsFile 
*          1    00007100    0000001e     UNINITIALIZED
                  00007100    0000001e     DSP2833x_GlobalVariableDefs.obj (AdcRegsFile)

ScibRegsFile 
*          1    00007750    00000010     UNINITIALIZED
                  00007750    00000010     DSP2833x_GlobalVariableDefs.obj (ScibRegsFile)

ScicRegsFile 
*          1    00007770    00000010     UNINITIALIZED
                  00007770    00000010     DSP2833x_GlobalVariableDefs.obj (ScicRegsFile)

I2caRegsFile 
*          1    00007900    00000022     UNINITIALIZED
                  00007900    00000022     DSP2833x_GlobalVariableDefs.obj (I2caRegsFile)

.ebss      1    0000c000    00000ff8     UNINITIALIZED
                  0000c000    00000746     MCSoft_Math.obj (.ebss)
                  0000c746    00000034     MCSoft_HalApi.obj (.ebss)
                  0000c77a    00000004     main.obj (.ebss)
                  0000c77e    00000001     MCSoft_FluxEst.obj (.ebss)
                  0000c77f    00000001     rts2800_fpu32.lib : errno.obj (.ebss)
                  0000c780    00000400     MCSoft_Uart.obj (.ebss)
                  0000cb80    0000017a     MCCore_CfgFpga.obj (.ebss)
                  0000ccfa    00000004     rts2800_fpu32.lib : _lock.obj (.ebss)
                  0000ccfe    00000002     --HOLE--
                  0000cd00    00000100     MCSoft_Scope.obj (.ebss)
                  0000ce00    000000c0     MCPara_LoadSave.obj (.ebss)
                  0000cec0    00000034     MCSoft_MediumFreqTask.obj (.ebss)
                  0000cef4    00000004     rts2800_fpu32.lib : exit.obj (.ebss)
                  0000cef8    00000008     --HOLE--
                  0000cf00    00000032     MCSoft_Hfi.obj (.ebss)
                  0000cf32    0000000e     --HOLE--
                  0000cf40    0000002a     MCSoft_HighFreqTask.obj (.ebss)
                  0000cf6a    00000016     --HOLE--
                  0000cf80    00000026     MCSoft_StartUp.obj (.ebss)
                  0000cfa6    0000001a     MCSoft_Message.obj (.ebss)
                  0000cfc0    00000020     MCSoft_ErrCheck.obj (.ebss)
                  0000cfe0    00000018     DSP2833x_CpuTimers.obj (.ebss)

Ad2s_A_File 
*          1    00100000    00000008     UNINITIALIZED
                  00100000    00000008     DSP2833x_GlobalVariableDefs.obj (Ad2s_A_File)

CsmPwlFile 
*          1    0033fff8    00000008     UNINITIALIZED
                  0033fff8    00000008     DSP2833x_GlobalVariableDefs.obj (CsmPwlFile)

.pinit     0    00300000    00000000     UNINITIALIZED

.reset     0    003fffc0    00000002     DSECT
                  003fffc0    00000002     rts2800_fpu32.lib : boot.obj (.reset)

vectors    0    003fffc2    00000000     DSECT

MODULE SUMMARY

       Module                            code    ro data   rw data
       ------                            ----    -------   -------
    .\
       main.obj                          258     0         13     
    +--+---------------------------------+-------+---------+---------+
       Total:                            258     0         13     
                                                                  
    .\MCCore\Source\
       MCSoft_SmcObserver_ext.obj        1960    0         0      
       MCCore_CurrLoopCtler.obj          1742    0         0      
       MCSoft_FluxEst.obj                970     0         1      
       MCCore_CfgFpga.obj                350     0         378    
       MCCore_SpdLoopCtler.obj           481     0         0      
       MCCore_ResolverDealModule.obj     141     0         0      
       MCCore_FaultDealModule.obj        125     0         0      
       MCCore_BusVolDecoupler.obj        72      0         0      
    +--+---------------------------------+-------+---------+---------+
       Total:                            5841    0         379    
                                                                  
    .\MCPara\Source\
       MCPara_LoadSave.obj               598     0         872    
       MCPara_EEPROM.obj                 295     0         0      
    +--+---------------------------------+-------+---------+---------+
       Total:                            893     0         872    
                                                                  
    .\MCSoft\Source\
       MCSoft_HighFreqTask.obj           3098    0         103    
       MCSoft_Uart.obj                   974     0         1145   
       MCSoft_Math.obj                   129     0         1862   
       MCSoft_MediumFreqTask.obj         1442    0         87     
       MCSoft_Hfi.obj                    675     0         74     
       MCSoft_StartUp.obj                679     0         38     
       MCSoft_ErrCheck.obj               592     0         67     
       MCSoft_Scope.obj                  121     0         289    
       MCSoft_HalApi.obj                 288     0         110    
       MCSoft_SystemInit.obj             375     0         0      
       MCSoft_Message.obj                206     0         26     
    +--+---------------------------------+-------+---------+---------+
       Total:                            8579    0         3801   
                                                                  
    .\MC_28335\Source\
       DSP2833x_GlobalVariableDefs.obj   0       0         2686   
       DSP28335_DefaultIsr.obj           841     0         0      
       DSP28335_Gpio.obj                 375     0         0      
       DSP28335_SysCtrl.obj              302     0         0      
       DSP28335_PieVect.obj              32      0         256    
       DSP28335_Xintf.obj                263     0         0      
       DSP2833x_ECap.obj                 164     0         0      
       DSP28335_Adc.obj                  154     0         0      
       DSP2833x_CSMPasswords.obj         0       0         126    
       DSP2833x_Spi.obj                  113     0         0      
       DSP28335_Sci.obj                  111     0         0      
       DSP28335_PieCtrl.obj              40      0         0      
       MC_Common28335.obj                37      0         0      
       DSP28335_MemCopy.obj              35      0         0      
       DSP2833x_CpuTimers.obj            0       0         24     
       DSP2833x_CodeStartBranch.obj      10      0         0      
       DSP2833x_usDelay.obj              8       0         0      
       DSP2833x_ADC_cal.obj              7       0         0      
       DSP2833x_DisInt.obj               7       0         0      
       DSP2833x_DBGIER.obj               3       0         0      
    +--+---------------------------------+-------+---------+---------+
       Total:                            2502    0         3092   
                                                                  
    ../Lib/IQmath_fpu32.lib
       IQmathTables.obj                  0       0         2896   
       IQ16atan2.obj                     123     0         0      
       IQ16div.obj                       71      0         0      
       IQ16sin.obj                       49      0         0      
       IQ16cos.obj                       47      0         0      
       IQ16int.obj                       9       0         0      
    +--+---------------------------------+-------+---------+---------+
       Total:                            299     0         2896   
                                                                  
    ../Lib/rts2800_fpu32.lib
       fs_div.obj                        136     0         0      
       fd_mpy.obj                        131     0         0      
       cos.obj                           97      0         0      
       sin.obj                           88      0         0      
       boot.obj                          70      0         0      
       l_div.obj                         42      0         0      
       exit.obj                          25      0         14     
       sqrt.obj                          35      0         0      
       i_div.obj                         34      0         0      
       fd_tol.obj                        31      0         0      
       ll_cmp.obj                        30      0         0      
       fs_tofd.obj                       28      0         0      
       args_main.obj                     25      0         0      
       _lock.obj                         9       0         14     
       u_tofd.obj                        23      0         0      
       ll_mpy.obj                        20      0         0      
       u_div.obj                         11      0         0      
       errno.obj                         0       0         5      
    +--+---------------------------------+-------+---------+---------+
       Total:                            835     0         33     
                                                                  
       Stack:                            0       0         768    
    +--+---------------------------------+-------+---------+---------+
       Grand Total:                      19207   0         11854  


GLOBAL DATA SYMBOLS: SORTED BY DATA PAGE

address     data page           name
--------    ----------------    ----
00000400      10 (00000400)     __stack

00000880      22 (00000880)     _DevEmuRegs

00000a80      2a (00000a80)     _FlashRegs

00000ae0      2b (00000ac0)     _CsmRegs

00000b00      2c (00000b00)     _AdcMirror
00000b20      2c (00000b00)     _XintfRegs

00000c00      30 (00000c00)     _CpuTimer0Regs
00000c08      30 (00000c00)     _CpuTimer1Regs
00000c10      30 (00000c00)     _CpuTimer2Regs

00000ce0      33 (00000cc0)     _PieCtrlRegs

00000d00      34 (00000d00)     _PieVectTable

00001000      40 (00001000)     _DmaRegs

00005000     140 (00005000)     _McbspaRegs

00005040     141 (00005040)     _McbspbRegs

00006000     180 (00006000)     _ECanaRegs

00006040     181 (00006040)     _ECanaLAMRegs

00006080     182 (00006080)     _ECanaMOTSRegs

000060c0     183 (000060c0)     _ECanaMOTORegs

00006100     184 (00006100)     _ECanaMboxes

00006200     188 (00006200)     _ECanbRegs

00006240     189 (00006240)     _ECanbLAMRegs

00006280     18a (00006280)     _ECanbMOTSRegs

000062c0     18b (000062c0)     _ECanbMOTORegs

00006300     18c (00006300)     _ECanbMboxes

00006800     1a0 (00006800)     _EPwm1Regs

00006840     1a1 (00006840)     _EPwm2Regs

00006880     1a2 (00006880)     _EPwm3Regs

000068c0     1a3 (000068c0)     _EPwm4Regs

00006900     1a4 (00006900)     _EPwm5Regs

00006940     1a5 (00006940)     _EPwm6Regs

00006a00     1a8 (00006a00)     _ECap1Regs
00006a20     1a8 (00006a00)     _ECap2Regs

00006a40     1a9 (00006a40)     _ECap3Regs
00006a60     1a9 (00006a40)     _ECap4Regs

00006a80     1aa (00006a80)     _ECap5Regs
00006aa0     1aa (00006a80)     _ECap6Regs

00006b00     1ac (00006b00)     _EQep1Regs

00006b40     1ad (00006b40)     _EQep2Regs

00006f80     1be (00006f80)     _GpioCtrlRegs

00006fc0     1bf (00006fc0)     _GpioDataRegs
00006fe0     1bf (00006fc0)     _GpioIntRegs

00007010     1c0 (00007000)     _SysCtrlRegs

00007040     1c1 (00007040)     _SpiaRegs
00007050     1c1 (00007040)     _SciaRegs
00007070     1c1 (00007040)     _XIntruptRegs

00007100     1c4 (00007100)     _AdcRegs

00007750     1dd (00007740)     _ScibRegs
00007770     1dd (00007740)     _ScicRegs

00007900     1e4 (00007900)     _I2caRegs

0000c000     300 (0000c000)     _CoreSpdFdbFir

0000c140     305 (0000c140)     _Flux_EstSpdFdbFir

0000c280     30a (0000c280)     _CoreVBusFdbFir

0000c3c0     30f (0000c3c0)     _IqFdbFir

0000c500     314 (0000c500)     _IdFdbFir

0000c640     319 (0000c640)     _SpdFdbFir

0000c77a     31d (0000c740)     _y
0000c77c     31d (0000c740)     _x
0000c77f     31d (0000c740)     _errno

0000c780     31e (0000c780)     _TxBufLen
0000c781     31e (0000c780)     _TxScopeCnt
0000c782     31e (0000c780)     _TxStructIndex
0000c783     31e (0000c780)     _stRxFrm
0000c78a     31e (0000c780)     _stRBufMng
0000c79a     31e (0000c780)     _RxFrmBuf

0000c7c0     31f (0000c7c0)     _TxBuf

0000c880     322 (0000c880)     _UartTxBuf

0000c980     326 (0000c980)     _UartRxBuf

0000cb80     32e (0000cb80)     _m1FaultDealModule
0000cb82     32e (0000cb80)     _m1BusVolDecoupler
0000cb86     32e (0000cb80)     _m1ResolverDealModule
0000cb90     32e (0000cb80)     _m1FwCtler
0000cb9e     32e (0000cb80)     _m1SpdLoopCtler

0000cbc0     32f (0000cbc0)     _m1CurrLoopCtler

0000cc00     330 (0000cc00)     _m1SmcObserverExt

0000cc80     332 (0000cc80)     _m1FluxObserver

0000ccfa     333 (0000ccc0)     __unlock
0000ccfc     333 (0000ccc0)     __lock

0000cd00     334 (0000cd00)     _stScope

0000cd40     335 (0000cd40)     _m1CaptureData

0000ce00     338 (0000ce00)     _m1SysCfgPara
0000ce04     338 (0000ce00)     _m1MotorPara
0000ce0c     338 (0000ce00)     _m1WarnPara
0000ce16     338 (0000ce00)     _m1FaultPara
0000ce20     338 (0000ce00)     _m1HalPara
0000ce2f     338 (0000ce00)     _m1SnsLessPara

0000ce40     339 (0000ce40)     _m1CtrlPara
0000ce54     339 (0000ce40)     _m1MotorCalib

0000ce80     33a (0000ce80)     _m1SpdFdbPara

0000cece     33b (0000cec0)     _m1State
0000ced2     33b (0000cec0)     _m1CriPara
0000cef4     33b (0000cec0)     ___TI_cleanup_ptr
0000cef6     33b (0000cec0)     ___TI_dtors_ptr

0000cf08     33c (0000cf00)     _m1eStart
0000cf12     33c (0000cf00)     _m1Hfi

0000cf43     33d (0000cf40)     _OBS2
0000cf44     33d (0000cf40)     _OBS1
0000cf45     33d (0000cf40)     _OBS3
0000cf47     33d (0000cf40)     _DELTA
0000cf4a     33d (0000cf40)     _STATUS
0000cf4c     33d (0000cf40)     _gama
0000cf50     33d (0000cf40)     _Iqcmd
0000cf52     33d (0000cf40)     _Idcmd
0000cf54     33d (0000cf40)     _m1PosCalib
0000cf5e     33d (0000cf40)     _m1TimeBase

0000cf80     33e (0000cf80)     _StartupUsIIR
0000cf84     33e (0000cf80)     _m1StartUp
0000cfa6     33e (0000cf80)     _m1MsgArray

0000cfe0     33f (0000cfc0)     _CpuTimer1
0000cfe8     33f (0000cfc0)     _CpuTimer2
0000cff0     33f (0000cfc0)     _CpuTimer0

00100000    4000 (00100000)     _Ad2s_A

00304174    c105 (00304140)     _PieVectTableInit

00304274    c109 (00304240)     _stSpdFdbParaAttr

00304374    c10d (00304340)     _stCtrlParaAttr

003043c4    c10f (003043c0)     _stTxStructArr

00304404    c110 (00304400)     _stHalParaAttr

00304440    c111 (00304440)     _stSnsLessParaAttr
0030447c    c111 (00304440)     _stEEPROMParaArr

003044ac    c112 (00304480)     _stUpdateParaArr

003044dc    c113 (003044c0)     _stFaultParaAttr

00304504    c114 (00304500)     _stWarnParaAttr
0030452c    c114 (00304500)     _stMotorParaAttr

0030454c    c115 (00304540)     _m1FaultDealModuleSize
0030454d    c115 (00304540)     _m1CriParaSize
0030454e    c115 (00304540)     _m1ResolverDealModuleSize
0030454f    c115 (00304540)     _m1MotorParaSize
00304550    c115 (00304540)     _m1BusVolDecouplerSize
00304551    c115 (00304540)     _m1SpdFdbParaSize
00304552    c115 (00304540)     _m1HalParaSize
00304553    c115 (00304540)     _m1SysCfgParaSize
00304554    c115 (00304540)     _m1CurrLoopCtlerSize
00304555    c115 (00304540)     _m1StartUpSize
00304556    c115 (00304540)     _m1CtrlParaSize
00304557    c115 (00304540)     _m1SmcObserverSize
00304558    c115 (00304540)     _m1FaultParaSize
00304559    c115 (00304540)     _m1SnsLessParaSize
0030455a    c115 (00304540)     _m1WarnParaSize
0030455b    c115 (00304540)     _m1SpdLoopCtlerSize
0030455c    c115 (00304540)     _stScopeObjArr
0030456c    c115 (00304540)     _stSysCfgParaAttr

0033fff8    cfff (0033ffc0)     _CsmPwl

003fe000    ff80 (003fe000)     _IQsinTable

003fe100    ff84 (003fe100)     _IQcosTable

003fe400    ff90 (003fe400)     _IQsinTableEnd

003fe502    ff94 (003fe500)     _IQcosTableEnd
003fe502    ff94 (003fe500)     _IQdivRoundSatTable
003fe510    ff94 (003fe500)     _IQdivTable

003fe712    ff9c (003fe700)     _IQdivTableEnd
003fe712    ff9c (003fe700)     _IQisqrtRoundSatTable
003fe712    ff9c (003fe700)     _IQsqrtRoundSatTable
003fe722    ff9c (003fe700)     _IQisqrtTable
003fe722    ff9c (003fe700)     _IQsqrtTable

003fe824    ffa0 (003fe800)     _IQatan2HalfPITable
003fe824    ffa0 (003fe800)     _IQisqrtTableEnd
003fe824    ffa0 (003fe800)     _IQsqrtTableEnd

003fe862    ffa1 (003fe840)     _IQatan2Table

003fe9e8    ffa7 (003fe9c0)     _IQ30mpyRndSatTable
003fe9e8    ffa7 (003fe9c0)     _IQatan2TableEnd
003fe9e8    ffa7 (003fe9c0)     _IQmpyRndSatTable
003fe9f4    ffa7 (003fe9c0)     _IQ29mpyRndSatTable

003fea00    ffa8 (003fea00)     _IQ28mpyRndSatTable
003fea0c    ffa8 (003fea00)     _IQ27mpyRndSatTable
003fea18    ffa8 (003fea00)     _IQ26mpyRndSatTable
003fea24    ffa8 (003fea00)     _IQ25mpyRndSatTable
003fea30    ffa8 (003fea00)     _IQ24mpyRndSatTable
003fea3c    ffa8 (003fea00)     _IQ23mpyRndSatTable

003fea48    ffa9 (003fea40)     _IQ22mpyRndSatTable
003fea54    ffa9 (003fea40)     _IQ21mpyRndSatTable
003fea60    ffa9 (003fea40)     _IQ20mpyRndSatTable
003fea6c    ffa9 (003fea40)     _IQ19mpyRndSatTable
003fea78    ffa9 (003fea40)     _IQ18mpyRndSatTable

003fea84    ffaa (003fea80)     _IQ17mpyRndSatTable
003fea90    ffaa (003fea80)     _IQ16mpyRndSatTable
003fea9c    ffaa (003fea80)     _IQ15mpyRndSatTable
003feaa8    ffaa (003fea80)     _IQ14mpyRndSatTable
003feab4    ffaa (003fea80)     _IQ13mpyRndSatTable

003feac0    ffab (003feac0)     _IQ12mpyRndSatTable
003feacc    ffab (003feac0)     _IQ11mpyRndSatTable
003fead8    ffab (003feac0)     _IQ10mpyRndSatTable
003feae4    ffab (003feac0)     _IQ9mpyRndSatTable
003feaf0    ffab (003feac0)     _IQ8mpyRndSatTable
003feafc    ffab (003feac0)     _IQ7mpyRndSatTable

003feb08    ffac (003feb00)     _IQ6mpyRndSatTable
003feb14    ffac (003feb00)     _IQ5mpyRndSatTable
003feb20    ffac (003feb00)     _IQ4mpyRndSatTable
003feb2c    ffac (003feb00)     _IQ3mpyRndSatTable
003feb38    ffac (003feb00)     _IQ2mpyRndSatTable

003feb44    ffad (003feb40)     _IQ1mpyRndSatTable
003feb50    ffad (003feb40)     _IQmpyRndSatTableEnd


GLOBAL SYMBOLS: SORTED ALPHABETICALLY BY Name 

page  address   name                                
----  -------   ----                                
0     00300862  .text                               
0     00304109  C$$EXIT                             
0     00303b05  FD$$MPY                             
0     00304097  FD$$TOL                             
0     00303a7d  FS$$DIV                             
0     003040d4  FS$$TOFD                            
0     00304055  I$$DIV                              
0     00304066  I$$MOD                              
0     00303f98  L$$DIV                              
0     00303fa7  L$$MOD                              
0     003040b6  LL$$CMP                             
0     00304139  LL$$MPY                             
0     0030414d  U$$DIV                              
0     00304152  U$$MOD                              
0     00304122  U$$TOFD                             
0     00303fb5  UL$$DIV                             
0     00303fbc  UL$$MOD                             
0     003040c8  ULL$$CMP                            
0     00301ce8  _ADCINT_ISR                         
0     00380080  _ADC_cal                            
1     00100000  _Ad2s_A                             
1     00000b00  _AdcMirror                          
1     00007100  _AdcRegs                            
0     003026c5  _CalChkSum                          
0     003030da  _CfgBusVolDecoupler                 
0     0030300e  _CfgCurrLoopCtler                   
0     0030308c  _CfgCurrloopKpKi                    
0     0030314f  _CfgFaultDealModule                 
0     003030ee  _CfgResolverDealModule              
0     003030ac  _CfgSpdLoopCtler                    
1     0000c000  _CoreSpdFdbFir                      
1     0000c280  _CoreVBusFdbFir                     
1     0000cff0  _CpuTimer0                          
1     00000c00  _CpuTimer0Regs                      
1     0000cfe0  _CpuTimer1                          
1     00000c08  _CpuTimer1Regs                      
1     0000cfe8  _CpuTimer2                          
1     00000c10  _CpuTimer2Regs                      
1     0033fff8  _CsmPwl                             
1     00000ae0  _CsmRegs                            
0     003037b3  _CsmUnlock                          
0     00301c20  _DATALOG_ISR                        
1     0000cf47  _DELTA                              
0     00301e3a  _DINTCH1_ISR                        
0     00301e44  _DINTCH2_ISR                        
0     00301e4e  _DINTCH3_ISR                        
0     00301e58  _DINTCH4_ISR                        
0     00301e62  _DINTCH5_ISR                        
0     00301e6c  _DINTCH6_ISR                        
0     00304169  _DSP28x_DisableInt                  
0     0030416d  _DSP28x_RestoreInt                  
0     0000885d  _DSP28x_usDelay                     
0     00303e9b  _DSPCore_CfgBusVolDecoupler         
0     00300981  _DSPCore_CfgCurrLoopCtler           
0     00303c09  _DSPCore_CfgFaultDealModule         
0     00302b44  _DSPCore_CfgFwCtler                 
0     003039f0  _DSPCore_CfgResolverDealModule      
0     00302b3f  _DSPCore_CfgSpdLoopCtler            
0     00303ea0  _DSPCore_DoBusVolDecoupler          
0     003009b5  _DSPCore_DoCurrLoopCtrl             
0     00303c0e  _DSPCore_DoFaultDealModule          
0     00302c46  _DSPCore_DoFwCtrl                   
0     00303a0a  _DSPCore_DoResolverDealModule       
0     00302b66  _DSPCore_DoSpdLoopCtrl              
0     00300894  _DSPCore_InitEPwm                   
0     00300862  _DSPCore_SwitchOffPWM               
0     00300881  _DSPCore_SwitchOnPWM                
0     0000842d  _DebugDataPrint                     
0     00300ebe  _DebugDataSend                      
0     00303fff  _Delay_ms                           
0     00303fea  _Delay_us                           
1     00000880  _DevEmuRegs                         
0     003036ff  _DisableDog                         
1     00001000  _DmaRegs                            
0     00302a25  _DoPosCalib2                        
0     00301ebc  _ECAN0INTA_ISR                      
0     00301ed0  _ECAN0INTB_ISR                      
0     00301ec6  _ECAN1INTA_ISR                      
0     00301eda  _ECAN1INTB_ISR                      
0     00301dae  _ECAP1_INT_ISR                      
0     00301db8  _ECAP2_INT_ISR                      
0     00301dc2  _ECAP3_INT_ISR                      
0     00301dcc  _ECAP4_INT_ISR                      
0     00301dd6  _ECAP5_INT_ISR                      
0     00301de0  _ECAP6_INT_ISR                      
1     00006040  _ECanaLAMRegs                       
1     000060c0  _ECanaMOTORegs                      
1     00006080  _ECanaMOTSRegs                      
1     00006100  _ECanaMboxes                        
1     00006000  _ECanaRegs                          
1     00006240  _ECanbLAMRegs                       
1     000062c0  _ECanbMOTORegs                      
1     00006280  _ECanbMOTSRegs                      
1     00006300  _ECanbMboxes                        
1     00006200  _ECanbRegs                          
1     00006a00  _ECap1Regs                          
1     00006a20  _ECap2Regs                          
1     00006a40  _ECap3Regs                          
1     00006a60  _ECap4Regs                          
1     00006a80  _ECap5Regs                          
1     00006aa0  _ECap6Regs                          
0     003032a1  _EEPROM_PageWrBuf                   
0     00303347  _EEPROM_RdBuf                       
0     00301f20  _EMPTY_ISR                          
0     00301c34  _EMUINT_ISR                         
0     00301d72  _EPWM1_INT_ISR                      
0     00303cff  _EPWM1_TZINT_ISR                    
0     00301d7c  _EPWM2_INT_ISR                      
0     00301d40  _EPWM2_TZINT_ISR                    
0     00301d86  _EPWM3_INT_ISR                      
0     00301d4a  _EPWM3_TZINT_ISR                    
0     00301d90  _EPWM4_INT_ISR                      
0     00301d54  _EPWM4_TZINT_ISR                    
0     00301d9a  _EPWM5_INT_ISR                      
0     00301d5e  _EPWM5_TZINT_ISR                    
0     00301da4  _EPWM6_INT_ISR                      
0     00301d68  _EPWM6_TZINT_ISR                    
1     00006800  _EPwm1Regs                          
1     00006840  _EPwm2Regs                          
1     00006880  _EPwm3Regs                          
1     000068c0  _EPwm4Regs                          
1     00006900  _EPwm5Regs                          
1     00006940  _EPwm6Regs                          
0     00301dea  _EQEP1_INT_ISR                      
0     00301df4  _EQEP2_INT_ISR                      
1     00006b00  _EQep1Regs                          
1     00006b40  _EQep2Regs                          
0     00303fe1  _EnableInterrupts                   
0     00303bb1  _FirCalc                            
0     00303b88  _FirInit                            
1     00000a80  _FlashRegs                          
0     0030182e  _FluxPosEst                         
0     00301b26  _FluxPos_Init                       
1     0000c140  _Flux_EstSpdFdbFir                  
0     003037ff  _GetMessge                          
0     003014a0  _GetTxStructIndex                   
1     00006f80  _GpioCtrlRegs                       
1     00006fc0  _GpioDataRegs                       
1     00006fe0  _GpioIntRegs                        
0     003034c7  _HAL_GetHallSector                  
0     003033c6  _HAL_GetHpCurr                      
0     003033c3  _HAL_GetLpVol                       
0     0030341b  _HAL_GetMotorTemp                   
0     003033c8  _HAL_GetPddTemp                     
0     003034bf  _HAL_IsFlashReady                   
0     0030341e  _HAL_IsFpgaReady                    
0     00303464  _HAL_IsGateDriveFault               
0     0030345c  _HAL_IsGateDriveReady               
0     003034db  _HAL_IsPowerGood                    
0     0030342c  _HAL_LedToggle                      
0     00303420  _HAL_ReloadFpga                     
0     003034cf  _HAL_RstAd2s1210                    
0     003034b3  _HAL_RstFlash                       
0     0030346c  _HAL_RstGateDriver                  
0     00303439  _HAL_SetCpuValid                    
0     0030348c  _HAL_SetFlashHighAddr               
0     0030344a  _HAL_SetInnerLoop                   
0     0030347b  _HAL_SetPreChargeRelayClose         
0     00301e76  _I2CINT1A_ISR                       
0     00301e80  _I2CINT2A_ISR                       
1     00007900  _I2caRegs                           
0     00301c48  _ILLEGAL_ISR                        
0     00301c0c  _INT13_ISR                          
0     00301c16  _INT14_ISR                          
0     003fead8  _IQ10mpyRndSatTable                 
0     003feacc  _IQ11mpyRndSatTable                 
0     003feac0  _IQ12mpyRndSatTable                 
0     003feab4  _IQ13mpyRndSatTable                 
0     003feaa8  _IQ14mpyRndSatTable                 
0     003fea9c  _IQ15mpyRndSatTable                 
0     003fea90  _IQ16mpyRndSatTable                 
0     003fea84  _IQ17mpyRndSatTable                 
0     003fea78  _IQ18mpyRndSatTable                 
0     003fea6c  _IQ19mpyRndSatTable                 
0     003feb44  _IQ1mpyRndSatTable                  
0     003fea60  _IQ20mpyRndSatTable                 
0     003fea54  _IQ21mpyRndSatTable                 
0     003fea48  _IQ22mpyRndSatTable                 
0     003fea3c  _IQ23mpyRndSatTable                 
0     003fea30  _IQ24mpyRndSatTable                 
0     003fea24  _IQ25mpyRndSatTable                 
0     003fea18  _IQ26mpyRndSatTable                 
0     003fea0c  _IQ27mpyRndSatTable                 
0     003fea00  _IQ28mpyRndSatTable                 
0     003fe9f4  _IQ29mpyRndSatTable                 
0     003feb38  _IQ2mpyRndSatTable                  
0     003fe9e8  _IQ30mpyRndSatTable                 
0     003feb2c  _IQ3mpyRndSatTable                  
0     003feb20  _IQ4mpyRndSatTable                  
0     003feb14  _IQ5mpyRndSatTable                  
0     003feb08  _IQ6mpyRndSatTable                  
0     003feafc  _IQ7mpyRndSatTable                  
0     003feaf0  _IQ8mpyRndSatTable                  
0     003feae4  _IQ9mpyRndSatTable                  
0     003fe824  _IQatan2HalfPITable                 
0     003fe862  _IQatan2Table                       
0     003fe9e8  _IQatan2TableEnd                    
0     003fe100  _IQcosTable                         
0     003fe502  _IQcosTableEnd                      
0     003fe502  _IQdivRoundSatTable                 
0     003fe510  _IQdivTable                         
0     003fe712  _IQdivTableEnd                      
0     003fe712  _IQisqrtRoundSatTable               
0     003fe722  _IQisqrtTable                       
0     003fe824  _IQisqrtTableEnd                    
0     003fe9e8  _IQmpyRndSatTable                   
0     003feb50  _IQmpyRndSatTableEnd                
0     003fe000  _IQsinTable                         
0     003fe400  _IQsinTableEnd                      
0     003fe712  _IQsqrtRoundSatTable                
0     003fe722  _IQsqrtTable                        
0     003fe824  _IQsqrtTableEnd                     
1     0000c500  _IdFdbFir                           
1     0000cf52  _Idcmd                              
0     00301f57  _IirCalc                            
0     00301f41  _IirInit                            
0     00303956  _InitAdc                            
0     003038b2  _InitECap                           
0     00303908  _InitECap1Gpio                      
0     00303916  _InitECap2Gpio                      
0     00303922  _InitECap3Gpio                      
0     0030392e  _InitECap4Gpio                      
0     0030393a  _InitECap5Gpio                      
0     00303948  _InitECap6Gpio                      
0     003038fb  _InitECapGpio                       
0     00008842  _InitFlash120MHz                    
0     00302d20  _InitGpio                           
0     00303758  _InitPeripheralClocks               
0     00303fc2  _InitPieCtrl                        
0     00304077  _InitPieVectTable                   
0     00303707  _InitPll                            
0     00302a1b  _InitPosCalib2                      
0     00303f29  _InitSci                            
0     00303d71  _InitSpi                            
0     00303db9  _InitSpiGpio                        
0     00303dbc  _InitSpiaGpio                       
0     003036ec  _InitSysCtrl                        
0     003034e3  _InitXintf                          
0     00303590  _InitXintf16Gpio                    
0     00303549  _InitXintf32Gpio                    
1     0000c3c0  _IqFdbFir                           
1     0000cf50  _Iqcmd                              
0     00301f16  _LUF_ISR                            
0     00301f0c  _LVF_ISR                            
0     00302688  _LoadDefaultPara                    
0     003025cd  _LoadPara                           
0     00301457  _MC_ChangeMainState                 
0     003027a8  _MC_DoFaultCheck                    
0     00302060  _MC_DoStartUp                       
0     00302124  _MC_DoStartUpCalib                  
0     00302897  _MC_DoWarnCheck                     
0     00300f1d  _MC_GetHighVolReady                 
0     003022e1  _MC_HfiCalc                         
0     003021e8  _MC_HfiInit                         
0     0000812c  _MC_HighFreqTask                    
0     003029a0  _MC_InitBaseGenerate                
0     00302faf  _MC_InitCriticalData                
0     00302f55  _MC_InitMCCore                      
0     003037e4  _MC_InitMsg                         
0     00302e97  _MC_InitPara                        
0     00301f75  _MC_InitStartUp                     
0     00300f3b  _MC_MainStateTask                   
0     00303896  _MC_NotifyCmdDisCard                
0     003029d6  _MC_OtherTimeBaseGenerate           
0     00302923  _MC_PostCodeErr                     
0     0030292a  _MC_PostCodeWarn                    
0     003038a2  _MC_PostStopMessge                  
0     00300f31  _MC_StateInit                       
0     00301170  _MC_SubStateMaintenance             
0     00301142  _MC_SubStatePwrUpWait               
0     00300ee3  _MC_TaskLoop                        
0     00008000  _MC_VarSpdLoopGain                  
0     00302420  _MC_eStartCalc                      
0     00302476  _MC_eStartInit                      
0     0000809a  _MC_msTimeBaseGenerate              
0     00301e26  _MRINTA_ISR                         
0     00301e12  _MRINTB_ISR                         
0     00301e30  _MXINTA_ISR                         
0     00301e1c  _MXINTB_ISR                         
1     00005000  _McbspaRegs                         
1     00005040  _McbspbRegs                         
0     00304022  _MemClr                             
0     0030400f  _MemCopy                            
0     003017ed  _MemCpy                             
0     00301804  _MemSet                             
0     00303ca2  _Monitor1_Config                    
0     00303cb3  _Monitor2_Config                    
0     00301c3e  _NMI_ISR                            
1     0000cf44  _OBS1                               
1     0000cf43  _OBS2                               
1     0000cf45  _OBS3                               
0     00301f2d  _PIE_RESERVED                       
1     00000ce0  _PieCtrlRegs                        
1     00000d00  _PieVectTable                       
0     00304174  _PieVectTableInit                   
0     0030384d  _PostMessge                         
0     003035ea  _PowerUpReset                       
0     00301c2a  _RTOSINT_ISR                        
0     00300861  _RamfuncsLoadEnd                    
0     00300000  _RamfuncsLoadStart                  
0     00008000  _RamfuncsRunStart                   
1     0000c79a  _RxFrmBuf                           
0     00303f63  _SCIRXINTA_ISR                      
0     00301ea8  _SCIRXINTB_ISR                      
0     00301e8a  _SCIRXINTC_ISR                      
0     00301e9e  _SCITXINTA_ISR                      
0     00301eb2  _SCITXINTB_ISR                      
0     00301e94  _SCITXINTC_ISR                      
0     00301cca  _SEQ1INT_ISR                        
0     00301cd4  _SEQ2INT_ISR                        
0     0030316c  _SMC_Init                           
0     00008825  _SMC_Position_Estimation            
0     00301dfe  _SPIRXINTA_ISR                      
0     00301e08  _SPITXINTA_ISR                      
1     0000cf4a  _STATUS                             
0     00302537  _SavePara                           
1     00007050  _SciaRegs                           
1     00007750  _ScibRegs                           
1     00007770  _ScicRegs                           
0     00303c86  _Scope_Config                       
0     00303cde  _Scope_IsFinished                   
0     00303ce6  _Scope_Read                         
0     00303cc4  _Scope_Run                          
0     003036f5  _ServiceDog                         
0     00304170  _SetDBGIER                          
0     00303da0  _SetTestData                        
0     00301499  _SetTxStructIndex                   
0     003026e1  _SignalMakeSure                     
1     0000c640  _SpdFdbFir                          
0     00303d8a  _SpiTrans                           
1     00007040  _SpiaRegs                           
1     0000cf80  _StartupUsIIR                       
1     00007010  _SysCtrlRegs                        
0     00301d25  _TINT0_ISR                          
1     0000c7c0  _TxBuf                              
1     0000c780  _TxBufLen                           
1     0000c781  _TxScopeCnt                         
1     0000c782  _TxStructIndex                      
0     00301cac  _USER10_ISR                         
0     00301cb6  _USER11_ISR                         
0     00301cc0  _USER12_ISR                         
0     00301c52  _USER1_ISR                          
0     00301c5c  _USER2_ISR                          
0     00301c66  _USER3_ISR                          
0     00301c70  _USER4_ISR                          
0     00301c7a  _USER5_ISR                          
0     00301c84  _USER6_ISR                          
0     00301c8e  _USER7_ISR                          
0     00301c98  _USER8_ISR                          
0     00301ca2  _USER9_ISR                          
1     0000c980  _UartRxBuf                          
1     0000c880  _UartTxBuf                          
0     00301819  _Uart_Init                          
0     00301460  _Uart_Rx                            
0     0030155f  _Uart_RxFrm                         
0     003014a4  _Uart_TxFrm                         
0     00302778  _UpDateCriticalSampleData_HighFreq  
0     00302704  _UpDateCriticalSampleData_MediumFreq
0     0030250a  _UpdateRamPara                      
0     00301d36  _WAKEINT_ISR                        
0     00301c02  _XINT1_ISR                          
0     00301cde  _XINT2_ISR                          
0     00301bf8  _XINT3_ISR                          
0     00301ee4  _XINT4_ISR                          
0     00301eee  _XINT5_ISR                          
0     00301ef8  _XINT6_ISR                          
0     00301f02  _XINT7_ISR                          
1     00007070  _XIntruptRegs                       
1     00000b20  _XintfRegs                          
0     003046ae  __IQ16atan2                         
0     003047a1  __IQ16cos                           
0     00304729  __IQ16div                           
0     003047d0  __IQ16int                           
0     00304770  __IQ16sin                           
1     00000700  __STACK_END                         
abs   00000300  __STACK_SIZE                        
abs   00000001  __TI_args_main                      
1     0000cef4  ___TI_cleanup_ptr                   
1     0000cef6  ___TI_dtors_ptr                     
abs   ffffffff  ___TI_pprof_out_hndl                
abs   ffffffff  ___TI_prof_data_size                
abs   ffffffff  ___TI_prof_data_start               
abs   ffffffff  ___binit__                          
abs   ffffffff  ___c_args__                         
0     00304580  ___cinit__                          
0     00304173  ___etext__                          
abs   ffffffff  ___pinit__                          
0     00300862  ___text__                           
0     003040f0  __args_main                         
1     0000ccfc  __lock                              
0     00304160  __nop                               
0     0030415c  __register_lock                     
0     00304158  __register_unlock                   
1     00000400  __stack                             
1     0000ccfa  __unlock                            
0     00304109  _abort                              
0     00303ee3  _c_int00                            
0     00303de2  _cos                                
1     0000c77f  _errno                              
0     0030410b  _exit                               
n/a   UNDEFED   _floor                              
1     0000cf4c  _gama                               
1     0000cb82  _m1BusVolDecoupler                  
0     00304550  _m1BusVolDecouplerSize              
1     0000cd40  _m1CaptureData                      
1     0000ced2  _m1CriPara                          
0     0030454d  _m1CriParaSize                      
1     0000ce40  _m1CtrlPara                         
0     00304556  _m1CtrlParaSize                     
1     0000cbc0  _m1CurrLoopCtler                    
0     00304554  _m1CurrLoopCtlerSize                
1     0000cb80  _m1FaultDealModule                  
0     0030454c  _m1FaultDealModuleSize              
1     0000ce16  _m1FaultPara                        
0     00304558  _m1FaultParaSize                    
1     0000cc80  _m1FluxObserver                     
1     0000cb90  _m1FwCtler                          
1     0000ce20  _m1HalPara                          
0     00304552  _m1HalParaSize                      
1     0000cf12  _m1Hfi                              
1     0000ce54  _m1MotorCalib                       
1     0000ce04  _m1MotorPara                        
0     0030454f  _m1MotorParaSize                    
1     0000cfa6  _m1MsgArray                         
1     0000cf54  _m1PosCalib                         
1     0000cb86  _m1ResolverDealModule               
0     0030454e  _m1ResolverDealModuleSize           
1     0000cc00  _m1SmcObserverExt                   
0     00304557  _m1SmcObserverSize                  
1     0000ce2f  _m1SnsLessPara                      
0     00304559  _m1SnsLessParaSize                  
1     0000ce80  _m1SpdFdbPara                       
0     00304551  _m1SpdFdbParaSize                   
1     0000cb9e  _m1SpdLoopCtler                     
0     0030455b  _m1SpdLoopCtlerSize                 
1     0000cf84  _m1StartUp                          
0     00304555  _m1StartUpSize                      
1     0000cece  _m1State                            
1     0000ce00  _m1SysCfgPara                       
0     00304553  _m1SysCfgParaSize                   
1     0000cf5e  _m1TimeBase                         
1     0000ce0c  _m1WarnPara                         
0     0030455a  _m1WarnParaSize                     
1     0000cf08  _m1eStart                           
0     00303600  _main                               
0     00301f37  _rsvd_ISR                           
0     00303e43  _sin                                
0     00304032  _sqrt                               
0     00304374  _stCtrlParaAttr                     
0     0030447c  _stEEPROMParaArr                    
0     003044dc  _stFaultParaAttr                    
0     00304404  _stHalParaAttr                      
0     0030452c  _stMotorParaAttr                    
1     0000c78a  _stRBufMng                          
1     0000c783  _stRxFrm                            
1     0000cd00  _stScope                            
0     0030455c  _stScopeObjArr                      
0     00304440  _stSnsLessParaAttr                  
0     00304274  _stSpdFdbParaAttr                   
0     0030456c  _stSysCfgParaAttr                   
0     003043c4  _stTxStructArr                      
0     003044ac  _stUpdateParaArr                    
0     00304504  _stWarnParaAttr                     
1     0000c77c  _x                                  
1     0000c77a  _y                                  
abs   ffffffff  binit                               
0     00304580  cinit                               
0     0033fff6  code_start                          
0     00304173  etext                               
abs   ffffffff  pinit                               


GLOBAL SYMBOLS: SORTED BY Symbol Address 

page  address   name                                
----  -------   ----                                
0     00008000  _MC_VarSpdLoopGain                  
0     00008000  _RamfuncsRunStart                   
0     0000809a  _MC_msTimeBaseGenerate              
0     0000812c  _MC_HighFreqTask                    
0     0000842d  _DebugDataPrint                     
0     00008825  _SMC_Position_Estimation            
0     00008842  _InitFlash120MHz                    
0     0000885d  _DSP28x_usDelay                     
0     00300000  _RamfuncsLoadStart                  
0     00300861  _RamfuncsLoadEnd                    
0     00300862  .text                               
0     00300862  _DSPCore_SwitchOffPWM               
0     00300862  ___text__                           
0     00300881  _DSPCore_SwitchOnPWM                
0     00300894  _DSPCore_InitEPwm                   
0     00300981  _DSPCore_CfgCurrLoopCtler           
0     003009b5  _DSPCore_DoCurrLoopCtrl             
0     00300ebe  _DebugDataSend                      
0     00300ee3  _MC_TaskLoop                        
0     00300f1d  _MC_GetHighVolReady                 
0     00300f31  _MC_StateInit                       
0     00300f3b  _MC_MainStateTask                   
0     00301142  _MC_SubStatePwrUpWait               
0     00301170  _MC_SubStateMaintenance             
0     00301457  _MC_ChangeMainState                 
0     00301460  _Uart_Rx                            
0     00301499  _SetTxStructIndex                   
0     003014a0  _GetTxStructIndex                   
0     003014a4  _Uart_TxFrm                         
0     0030155f  _Uart_RxFrm                         
0     003017ed  _MemCpy                             
0     00301804  _MemSet                             
0     00301819  _Uart_Init                          
0     0030182e  _FluxPosEst                         
0     00301b26  _FluxPos_Init                       
0     00301bf8  _XINT3_ISR                          
0     00301c02  _XINT1_ISR                          
0     00301c0c  _INT13_ISR                          
0     00301c16  _INT14_ISR                          
0     00301c20  _DATALOG_ISR                        
0     00301c2a  _RTOSINT_ISR                        
0     00301c34  _EMUINT_ISR                         
0     00301c3e  _NMI_ISR                            
0     00301c48  _ILLEGAL_ISR                        
0     00301c52  _USER1_ISR                          
0     00301c5c  _USER2_ISR                          
0     00301c66  _USER3_ISR                          
0     00301c70  _USER4_ISR                          
0     00301c7a  _USER5_ISR                          
0     00301c84  _USER6_ISR                          
0     00301c8e  _USER7_ISR                          
0     00301c98  _USER8_ISR                          
0     00301ca2  _USER9_ISR                          
0     00301cac  _USER10_ISR                         
0     00301cb6  _USER11_ISR                         
0     00301cc0  _USER12_ISR                         
0     00301cca  _SEQ1INT_ISR                        
0     00301cd4  _SEQ2INT_ISR                        
0     00301cde  _XINT2_ISR                          
0     00301ce8  _ADCINT_ISR                         
0     00301d25  _TINT0_ISR                          
0     00301d36  _WAKEINT_ISR                        
0     00301d40  _EPWM2_TZINT_ISR                    
0     00301d4a  _EPWM3_TZINT_ISR                    
0     00301d54  _EPWM4_TZINT_ISR                    
0     00301d5e  _EPWM5_TZINT_ISR                    
0     00301d68  _EPWM6_TZINT_ISR                    
0     00301d72  _EPWM1_INT_ISR                      
0     00301d7c  _EPWM2_INT_ISR                      
0     00301d86  _EPWM3_INT_ISR                      
0     00301d90  _EPWM4_INT_ISR                      
0     00301d9a  _EPWM5_INT_ISR                      
0     00301da4  _EPWM6_INT_ISR                      
0     00301dae  _ECAP1_INT_ISR                      
0     00301db8  _ECAP2_INT_ISR                      
0     00301dc2  _ECAP3_INT_ISR                      
0     00301dcc  _ECAP4_INT_ISR                      
0     00301dd6  _ECAP5_INT_ISR                      
0     00301de0  _ECAP6_INT_ISR                      
0     00301dea  _EQEP1_INT_ISR                      
0     00301df4  _EQEP2_INT_ISR                      
0     00301dfe  _SPIRXINTA_ISR                      
0     00301e08  _SPITXINTA_ISR                      
0     00301e12  _MRINTB_ISR                         
0     00301e1c  _MXINTB_ISR                         
0     00301e26  _MRINTA_ISR                         
0     00301e30  _MXINTA_ISR                         
0     00301e3a  _DINTCH1_ISR                        
0     00301e44  _DINTCH2_ISR                        
0     00301e4e  _DINTCH3_ISR                        
0     00301e58  _DINTCH4_ISR                        
0     00301e62  _DINTCH5_ISR                        
0     00301e6c  _DINTCH6_ISR                        
0     00301e76  _I2CINT1A_ISR                       
0     00301e80  _I2CINT2A_ISR                       
0     00301e8a  _SCIRXINTC_ISR                      
0     00301e94  _SCITXINTC_ISR                      
0     00301e9e  _SCITXINTA_ISR                      
0     00301ea8  _SCIRXINTB_ISR                      
0     00301eb2  _SCITXINTB_ISR                      
0     00301ebc  _ECAN0INTA_ISR                      
0     00301ec6  _ECAN1INTA_ISR                      
0     00301ed0  _ECAN0INTB_ISR                      
0     00301eda  _ECAN1INTB_ISR                      
0     00301ee4  _XINT4_ISR                          
0     00301eee  _XINT5_ISR                          
0     00301ef8  _XINT6_ISR                          
0     00301f02  _XINT7_ISR                          
0     00301f0c  _LVF_ISR                            
0     00301f16  _LUF_ISR                            
0     00301f20  _EMPTY_ISR                          
0     00301f2d  _PIE_RESERVED                       
0     00301f37  _rsvd_ISR                           
0     00301f41  _IirInit                            
0     00301f57  _IirCalc                            
0     00301f75  _MC_InitStartUp                     
0     00302060  _MC_DoStartUp                       
0     00302124  _MC_DoStartUpCalib                  
0     003021e8  _MC_HfiInit                         
0     003022e1  _MC_HfiCalc                         
0     00302420  _MC_eStartCalc                      
0     00302476  _MC_eStartInit                      
0     0030250a  _UpdateRamPara                      
0     00302537  _SavePara                           
0     003025cd  _LoadPara                           
0     00302688  _LoadDefaultPara                    
0     003026c5  _CalChkSum                          
0     003026e1  _SignalMakeSure                     
0     00302704  _UpDateCriticalSampleData_MediumFreq
0     00302778  _UpDateCriticalSampleData_HighFreq  
0     003027a8  _MC_DoFaultCheck                    
0     00302897  _MC_DoWarnCheck                     
0     00302923  _MC_PostCodeErr                     
0     0030292a  _MC_PostCodeWarn                    
0     003029a0  _MC_InitBaseGenerate                
0     003029d6  _MC_OtherTimeBaseGenerate           
0     00302a1b  _InitPosCalib2                      
0     00302a25  _DoPosCalib2                        
0     00302b3f  _DSPCore_CfgSpdLoopCtler            
0     00302b44  _DSPCore_CfgFwCtler                 
0     00302b66  _DSPCore_DoSpdLoopCtrl              
0     00302c46  _DSPCore_DoFwCtrl                   
0     00302d20  _InitGpio                           
0     00302e97  _MC_InitPara                        
0     00302f55  _MC_InitMCCore                      
0     00302faf  _MC_InitCriticalData                
0     0030300e  _CfgCurrLoopCtler                   
0     0030308c  _CfgCurrloopKpKi                    
0     003030ac  _CfgSpdLoopCtler                    
0     003030da  _CfgBusVolDecoupler                 
0     003030ee  _CfgResolverDealModule              
0     0030314f  _CfgFaultDealModule                 
0     0030316c  _SMC_Init                           
0     003032a1  _EEPROM_PageWrBuf                   
0     00303347  _EEPROM_RdBuf                       
0     003033c3  _HAL_GetLpVol                       
0     003033c6  _HAL_GetHpCurr                      
0     003033c8  _HAL_GetPddTemp                     
0     0030341b  _HAL_GetMotorTemp                   
0     0030341e  _HAL_IsFpgaReady                    
0     00303420  _HAL_ReloadFpga                     
0     0030342c  _HAL_LedToggle                      
0     00303439  _HAL_SetCpuValid                    
0     0030344a  _HAL_SetInnerLoop                   
0     0030345c  _HAL_IsGateDriveReady               
0     00303464  _HAL_IsGateDriveFault               
0     0030346c  _HAL_RstGateDriver                  
0     0030347b  _HAL_SetPreChargeRelayClose         
0     0030348c  _HAL_SetFlashHighAddr               
0     003034b3  _HAL_RstFlash                       
0     003034bf  _HAL_IsFlashReady                   
0     003034c7  _HAL_GetHallSector                  
0     003034cf  _HAL_RstAd2s1210                    
0     003034db  _HAL_IsPowerGood                    
0     003034e3  _InitXintf                          
0     00303549  _InitXintf32Gpio                    
0     00303590  _InitXintf16Gpio                    
0     003035ea  _PowerUpReset                       
0     00303600  _main                               
0     003036ec  _InitSysCtrl                        
0     003036f5  _ServiceDog                         
0     003036ff  _DisableDog                         
0     00303707  _InitPll                            
0     00303758  _InitPeripheralClocks               
0     003037b3  _CsmUnlock                          
0     003037e4  _MC_InitMsg                         
0     003037ff  _GetMessge                          
0     0030384d  _PostMessge                         
0     00303896  _MC_NotifyCmdDisCard                
0     003038a2  _MC_PostStopMessge                  
0     003038b2  _InitECap                           
0     003038fb  _InitECapGpio                       
0     00303908  _InitECap1Gpio                      
0     00303916  _InitECap2Gpio                      
0     00303922  _InitECap3Gpio                      
0     0030392e  _InitECap4Gpio                      
0     0030393a  _InitECap5Gpio                      
0     00303948  _InitECap6Gpio                      
0     00303956  _InitAdc                            
0     003039f0  _DSPCore_CfgResolverDealModule      
0     00303a0a  _DSPCore_DoResolverDealModule       
0     00303a7d  FS$$DIV                             
0     00303b05  FD$$MPY                             
0     00303b88  _FirInit                            
0     00303bb1  _FirCalc                            
0     00303c09  _DSPCore_CfgFaultDealModule         
0     00303c0e  _DSPCore_DoFaultDealModule          
0     00303c86  _Scope_Config                       
0     00303ca2  _Monitor1_Config                    
0     00303cb3  _Monitor2_Config                    
0     00303cc4  _Scope_Run                          
0     00303cde  _Scope_IsFinished                   
0     00303ce6  _Scope_Read                         
0     00303cff  _EPWM1_TZINT_ISR                    
0     00303d71  _InitSpi                            
0     00303d8a  _SpiTrans                           
0     00303da0  _SetTestData                        
0     00303db9  _InitSpiGpio                        
0     00303dbc  _InitSpiaGpio                       
0     00303de2  _cos                                
0     00303e43  _sin                                
0     00303e9b  _DSPCore_CfgBusVolDecoupler         
0     00303ea0  _DSPCore_DoBusVolDecoupler          
0     00303ee3  _c_int00                            
0     00303f29  _InitSci                            
0     00303f63  _SCIRXINTA_ISR                      
0     00303f98  L$$DIV                              
0     00303fa7  L$$MOD                              
0     00303fb5  UL$$DIV                             
0     00303fbc  UL$$MOD                             
0     00303fc2  _InitPieCtrl                        
0     00303fe1  _EnableInterrupts                   
0     00303fea  _Delay_us                           
0     00303fff  _Delay_ms                           
0     0030400f  _MemCopy                            
0     00304022  _MemClr                             
0     00304032  _sqrt                               
0     00304055  I$$DIV                              
0     00304066  I$$MOD                              
0     00304077  _InitPieVectTable                   
0     00304097  FD$$TOL                             
0     003040b6  LL$$CMP                             
0     003040c8  ULL$$CMP                            
0     003040d4  FS$$TOFD                            
0     003040f0  __args_main                         
0     00304109  C$$EXIT                             
0     00304109  _abort                              
0     0030410b  _exit                               
0     00304122  U$$TOFD                             
0     00304139  LL$$MPY                             
0     0030414d  U$$DIV                              
0     00304152  U$$MOD                              
0     00304158  __register_unlock                   
0     0030415c  __register_lock                     
0     00304160  __nop                               
0     00304169  _DSP28x_DisableInt                  
0     0030416d  _DSP28x_RestoreInt                  
0     00304170  _SetDBGIER                          
0     00304173  ___etext__                          
0     00304173  etext                               
0     00304174  _PieVectTableInit                   
0     00304274  _stSpdFdbParaAttr                   
0     00304374  _stCtrlParaAttr                     
0     003043c4  _stTxStructArr                      
0     00304404  _stHalParaAttr                      
0     00304440  _stSnsLessParaAttr                  
0     0030447c  _stEEPROMParaArr                    
0     003044ac  _stUpdateParaArr                    
0     003044dc  _stFaultParaAttr                    
0     00304504  _stWarnParaAttr                     
0     0030452c  _stMotorParaAttr                    
0     0030454c  _m1FaultDealModuleSize              
0     0030454d  _m1CriParaSize                      
0     0030454e  _m1ResolverDealModuleSize           
0     0030454f  _m1MotorParaSize                    
0     00304550  _m1BusVolDecouplerSize              
0     00304551  _m1SpdFdbParaSize                   
0     00304552  _m1HalParaSize                      
0     00304553  _m1SysCfgParaSize                   
0     00304554  _m1CurrLoopCtlerSize                
0     00304555  _m1StartUpSize                      
0     00304556  _m1CtrlParaSize                     
0     00304557  _m1SmcObserverSize                  
0     00304558  _m1FaultParaSize                    
0     00304559  _m1SnsLessParaSize                  
0     0030455a  _m1WarnParaSize                     
0     0030455b  _m1SpdLoopCtlerSize                 
0     0030455c  _stScopeObjArr                      
0     0030456c  _stSysCfgParaAttr                   
0     00304580  ___cinit__                          
0     00304580  cinit                               
0     003046ae  __IQ16atan2                         
0     00304729  __IQ16div                           
0     00304770  __IQ16sin                           
0     003047a1  __IQ16cos                           
0     003047d0  __IQ16int                           
0     0033fff6  code_start                          
0     00380080  _ADC_cal                            
0     003fe000  _IQsinTable                         
0     003fe100  _IQcosTable                         
0     003fe400  _IQsinTableEnd                      
0     003fe502  _IQcosTableEnd                      
0     003fe502  _IQdivRoundSatTable                 
0     003fe510  _IQdivTable                         
0     003fe712  _IQdivTableEnd                      
0     003fe712  _IQisqrtRoundSatTable               
0     003fe712  _IQsqrtRoundSatTable                
0     003fe722  _IQisqrtTable                       
0     003fe722  _IQsqrtTable                        
0     003fe824  _IQatan2HalfPITable                 
0     003fe824  _IQisqrtTableEnd                    
0     003fe824  _IQsqrtTableEnd                     
0     003fe862  _IQatan2Table                       
0     003fe9e8  _IQ30mpyRndSatTable                 
0     003fe9e8  _IQatan2TableEnd                    
0     003fe9e8  _IQmpyRndSatTable                   
0     003fe9f4  _IQ29mpyRndSatTable                 
0     003fea00  _IQ28mpyRndSatTable                 
0     003fea0c  _IQ27mpyRndSatTable                 
0     003fea18  _IQ26mpyRndSatTable                 
0     003fea24  _IQ25mpyRndSatTable                 
0     003fea30  _IQ24mpyRndSatTable                 
0     003fea3c  _IQ23mpyRndSatTable                 
0     003fea48  _IQ22mpyRndSatTable                 
0     003fea54  _IQ21mpyRndSatTable                 
0     003fea60  _IQ20mpyRndSatTable                 
0     003fea6c  _IQ19mpyRndSatTable                 
0     003fea78  _IQ18mpyRndSatTable                 
0     003fea84  _IQ17mpyRndSatTable                 
0     003fea90  _IQ16mpyRndSatTable                 
0     003fea9c  _IQ15mpyRndSatTable                 
0     003feaa8  _IQ14mpyRndSatTable                 
0     003feab4  _IQ13mpyRndSatTable                 
0     003feac0  _IQ12mpyRndSatTable                 
0     003feacc  _IQ11mpyRndSatTable                 
0     003fead8  _IQ10mpyRndSatTable                 
0     003feae4  _IQ9mpyRndSatTable                  
0     003feaf0  _IQ8mpyRndSatTable                  
0     003feafc  _IQ7mpyRndSatTable                  
0     003feb08  _IQ6mpyRndSatTable                  
0     003feb14  _IQ5mpyRndSatTable                  
0     003feb20  _IQ4mpyRndSatTable                  
0     003feb2c  _IQ3mpyRndSatTable                  
0     003feb38  _IQ2mpyRndSatTable                  
0     003feb44  _IQ1mpyRndSatTable                  
0     003feb50  _IQmpyRndSatTableEnd                
1     00000400  __stack                             
1     00000700  __STACK_END                         
1     00000880  _DevEmuRegs                         
1     00000a80  _FlashRegs                          
1     00000ae0  _CsmRegs                            
1     00000b00  _AdcMirror                          
1     00000b20  _XintfRegs                          
1     00000c00  _CpuTimer0Regs                      
1     00000c08  _CpuTimer1Regs                      
1     00000c10  _CpuTimer2Regs                      
1     00000ce0  _PieCtrlRegs                        
1     00000d00  _PieVectTable                       
1     00001000  _DmaRegs                            
1     00005000  _McbspaRegs                         
1     00005040  _McbspbRegs                         
1     00006000  _ECanaRegs                          
1     00006040  _ECanaLAMRegs                       
1     00006080  _ECanaMOTSRegs                      
1     000060c0  _ECanaMOTORegs                      
1     00006100  _ECanaMboxes                        
1     00006200  _ECanbRegs                          
1     00006240  _ECanbLAMRegs                       
1     00006280  _ECanbMOTSRegs                      
1     000062c0  _ECanbMOTORegs                      
1     00006300  _ECanbMboxes                        
1     00006800  _EPwm1Regs                          
1     00006840  _EPwm2Regs                          
1     00006880  _EPwm3Regs                          
1     000068c0  _EPwm4Regs                          
1     00006900  _EPwm5Regs                          
1     00006940  _EPwm6Regs                          
1     00006a00  _ECap1Regs                          
1     00006a20  _ECap2Regs                          
1     00006a40  _ECap3Regs                          
1     00006a60  _ECap4Regs                          
1     00006a80  _ECap5Regs                          
1     00006aa0  _ECap6Regs                          
1     00006b00  _EQep1Regs                          
1     00006b40  _EQep2Regs                          
1     00006f80  _GpioCtrlRegs                       
1     00006fc0  _GpioDataRegs                       
1     00006fe0  _GpioIntRegs                        
1     00007010  _SysCtrlRegs                        
1     00007040  _SpiaRegs                           
1     00007050  _SciaRegs                           
1     00007070  _XIntruptRegs                       
1     00007100  _AdcRegs                            
1     00007750  _ScibRegs                           
1     00007770  _ScicRegs                           
1     00007900  _I2caRegs                           
1     0000c000  _CoreSpdFdbFir                      
1     0000c140  _Flux_EstSpdFdbFir                  
1     0000c280  _CoreVBusFdbFir                     
1     0000c3c0  _IqFdbFir                           
1     0000c500  _IdFdbFir                           
1     0000c640  _SpdFdbFir                          
1     0000c77a  _y                                  
1     0000c77c  _x                                  
1     0000c77f  _errno                              
1     0000c780  _TxBufLen                           
1     0000c781  _TxScopeCnt                         
1     0000c782  _TxStructIndex                      
1     0000c783  _stRxFrm                            
1     0000c78a  _stRBufMng                          
1     0000c79a  _RxFrmBuf                           
1     0000c7c0  _TxBuf                              
1     0000c880  _UartTxBuf                          
1     0000c980  _UartRxBuf                          
1     0000cb80  _m1FaultDealModule                  
1     0000cb82  _m1BusVolDecoupler                  
1     0000cb86  _m1ResolverDealModule               
1     0000cb90  _m1FwCtler                          
1     0000cb9e  _m1SpdLoopCtler                     
1     0000cbc0  _m1CurrLoopCtler                    
1     0000cc00  _m1SmcObserverExt                   
1     0000cc80  _m1FluxObserver                     
1     0000ccfa  __unlock                            
1     0000ccfc  __lock                              
1     0000cd00  _stScope                            
1     0000cd40  _m1CaptureData                      
1     0000ce00  _m1SysCfgPara                       
1     0000ce04  _m1MotorPara                        
1     0000ce0c  _m1WarnPara                         
1     0000ce16  _m1FaultPara                        
1     0000ce20  _m1HalPara                          
1     0000ce2f  _m1SnsLessPara                      
1     0000ce40  _m1CtrlPara                         
1     0000ce54  _m1MotorCalib                       
1     0000ce80  _m1SpdFdbPara                       
1     0000cece  _m1State                            
1     0000ced2  _m1CriPara                          
1     0000cef4  ___TI_cleanup_ptr                   
1     0000cef6  ___TI_dtors_ptr                     
1     0000cf08  _m1eStart                           
1     0000cf12  _m1Hfi                              
1     0000cf43  _OBS2                               
1     0000cf44  _OBS1                               
1     0000cf45  _OBS3                               
1     0000cf47  _DELTA                              
1     0000cf4a  _STATUS                             
1     0000cf4c  _gama                               
1     0000cf50  _Iqcmd                              
1     0000cf52  _Idcmd                              
1     0000cf54  _m1PosCalib                         
1     0000cf5e  _m1TimeBase                         
1     0000cf80  _StartupUsIIR                       
1     0000cf84  _m1StartUp                          
1     0000cfa6  _m1MsgArray                         
1     0000cfe0  _CpuTimer1                          
1     0000cfe8  _CpuTimer2                          
1     0000cff0  _CpuTimer0                          
1     00100000  _Ad2s_A                             
1     0033fff8  _CsmPwl                             
abs   00000001  __TI_args_main                      
abs   00000300  __STACK_SIZE                        
abs   ffffffff  ___TI_pprof_out_hndl                
abs   ffffffff  ___TI_prof_data_size                
abs   ffffffff  ___TI_prof_data_start               
abs   ffffffff  ___binit__                          
abs   ffffffff  ___c_args__                         
abs   ffffffff  ___pinit__                          
abs   ffffffff  binit                               
abs   ffffffff  pinit                               
n/a   UNDEFED   _floor                              

[470 symbols]
